Archive member included because of file (symbol)

.\CortexM3\ARM_GCC_493\Debug\Exercise3.a(cyfitter_cfg.o)
                              .\CortexM3\ARM_GCC_493\Debug\Cm3Start.o (cyfitter_cfg)
.\CortexM3\ARM_GCC_493\Debug\Exercise3.a(UART_1.o)
                              .\CortexM3\ARM_GCC_493\Debug\main.o (UART_1_Start)
.\CortexM3\ARM_GCC_493\Debug\Exercise3.a(UART_1_IntClock.o)
                              .\CortexM3\ARM_GCC_493\Debug\Exercise3.a(UART_1.o) (UART_1_IntClock_Start)
.\CortexM3\ARM_GCC_493\Debug\Exercise3.a(CyLib.o)
                              .\CortexM3\ARM_GCC_493\Debug\Cm3Start.o (CyHalt)
.\CortexM3\ARM_GCC_493\Debug\Exercise3.a(cyPm.o)
                              .\CortexM3\ARM_GCC_493\Debug\Exercise3.a(CyLib.o) (CyPmReadStatus)
.\CortexM3\ARM_GCC_493\Debug\Exercise3.a(CyBootAsmGnu.o)
                              .\CortexM3\ARM_GCC_493\Debug\Exercise3.a(cyfitter_cfg.o) (CyDelayCycles)
.\CortexM3\ARM_GCC_493\Debug\Exercise3.a(CyFlash.o)
                              .\CortexM3\ARM_GCC_493\Debug\Exercise3.a(cyPm.o) (CyFlash_SetWaitCycles)
.\CortexM3\ARM_GCC_493\Debug\Exercise3.a(CySpc.o)
                              .\CortexM3\ARM_GCC_493\Debug\Exercise3.a(CyFlash.o) (CySpcStart)
c:/program files (x86)/cypress/psoc creator/4.0/psoc creator/import/gnu/arm/4.9.3/bin/../lib/gcc/arm-none-eabi/4.9.3/armv7-m\libgcc.a(_arm_addsubdf3.o)
                              .\CortexM3\ARM_GCC_493\Debug\main.o (__aeabi_f2d)
c:/program files (x86)/cypress/psoc creator/4.0/psoc creator/import/gnu/arm/4.9.3/bin/../lib/gcc/arm-none-eabi/4.9.3/armv7-m\libgcc.a(_arm_addsubsf3.o)
                              .\CortexM3\ARM_GCC_493\Debug\main.o (__aeabi_fsub)
c:/program files (x86)/cypress/psoc creator/4.0/psoc creator/import/gnu/arm/4.9.3/bin/../lib/gcc/arm-none-eabi/4.9.3/armv7-m\libgcc.a(_arm_cmpsf2.o)
                              .\CortexM3\ARM_GCC_493\Debug\main.o (__aeabi_fcmpge)
c:/program files (x86)/cypress/psoc creator/4.0/psoc creator/import/gnu/arm/4.9.3/bin/../lib/gcc/arm-none-eabi/4.9.3/../../../../arm-none-eabi/lib/armv7-m\libg.a(lib_a-errno.o)
                              .\CortexM3\ARM_GCC_493\Debug\Cm3Start.o (__errno)
c:/program files (x86)/cypress/psoc creator/4.0/psoc creator/import/gnu/arm/4.9.3/bin/../lib/gcc/arm-none-eabi/4.9.3/../../../../arm-none-eabi/lib/armv7-m\libg.a(lib_a-exit.o)
                              c:/program files (x86)/cypress/psoc creator/4.0/psoc creator/import/gnu/arm/4.9.3/bin/../lib/gcc/arm-none-eabi/4.9.3/../../../../arm-none-eabi/lib/armv7-m/crt0.o (exit)
c:/program files (x86)/cypress/psoc creator/4.0/psoc creator/import/gnu/arm/4.9.3/bin/../lib/gcc/arm-none-eabi/4.9.3/../../../../arm-none-eabi/lib/armv7-m\libg.a(lib_a-impure.o)
                              c:/program files (x86)/cypress/psoc creator/4.0/psoc creator/import/gnu/arm/4.9.3/bin/../lib/gcc/arm-none-eabi/4.9.3/../../../../arm-none-eabi/lib/armv7-m\libg.a(lib_a-exit.o) (_global_impure_ptr)
c:/program files (x86)/cypress/psoc creator/4.0/psoc creator/import/gnu/arm/4.9.3/bin/../lib/gcc/arm-none-eabi/4.9.3/../../../../arm-none-eabi/lib/armv7-m\libg.a(lib_a-init.o)
                              c:/program files (x86)/cypress/psoc creator/4.0/psoc creator/import/gnu/arm/4.9.3/bin/../lib/gcc/arm-none-eabi/4.9.3/../../../../arm-none-eabi/lib/armv7-m/crt0.o (__libc_init_array)
c:/program files (x86)/cypress/psoc creator/4.0/psoc creator/import/gnu/arm/4.9.3/bin/../lib/gcc/arm-none-eabi/4.9.3/../../../../arm-none-eabi/lib/armv7-m\libg.a(lib_a-memcpy.o)
                              .\CortexM3\ARM_GCC_493\Debug\Exercise3.a(cyfitter_cfg.o) (memcpy)
c:/program files (x86)/cypress/psoc creator/4.0/psoc creator/import/gnu/arm/4.9.3/bin/../lib/gcc/arm-none-eabi/4.9.3/../../../../arm-none-eabi/lib/armv7-m\libg.a(lib_a-memset.o)
                              c:/program files (x86)/cypress/psoc creator/4.0/psoc creator/import/gnu/arm/4.9.3/bin/../lib/gcc/arm-none-eabi/4.9.3/../../../../arm-none-eabi/lib/armv7-m/crt0.o (memset)
c:/program files (x86)/cypress/psoc creator/4.0/psoc creator/import/gnu/arm/4.9.3/bin/../lib/gcc/arm-none-eabi/4.9.3/../../../../arm-none-eabi/lib/armv7-m\libg.a(lib_a-printf.o)
                              .\CortexM3\ARM_GCC_493\Debug\main.o (printf)
c:/program files (x86)/cypress/psoc creator/4.0/psoc creator/import/gnu/arm/4.9.3/bin/../lib/gcc/arm-none-eabi/4.9.3/../../../../arm-none-eabi/lib/armv7-m\libg.a(lib_a-puts.o)
                              .\CortexM3\ARM_GCC_493\Debug\main.o (puts)
c:/program files (x86)/cypress/psoc creator/4.0/psoc creator/import/gnu/arm/4.9.3/bin/../lib/gcc/arm-none-eabi/4.9.3/../../../../arm-none-eabi/lib/armv7-m\libg.a(lib_a-scanf.o)
                              .\CortexM3\ARM_GCC_493\Debug\main.o (scanf)
c:/program files (x86)/cypress/psoc creator/4.0/psoc creator/import/gnu/arm/4.9.3/bin/../lib/gcc/arm-none-eabi/4.9.3/../../../../arm-none-eabi/lib/armv7-m\libg.a(lib_a-strlen.o)
[...]
Memory Configuration

Name             Origin             Length             Attributes
rom              0x00000000         0x00040000         xr
ram              0x1fff8000         0x00010000         xrw
*default*        0x00000000         0xffffffff

Linker script and memory map

LOAD c:/program files (x86)/cypress/psoc creator/4.0/psoc creator/import/gnu/arm/4.9.3/bin/../lib/gcc/arm-none-eabi/4.9.3/armv7-m/crti.o
LOAD c:/program files (x86)/cypress/psoc creator/4.0/psoc creator/import/gnu/arm/4.9.3/bin/../lib/gcc/arm-none-eabi/4.9.3/armv7-m/crtbegin.o
LOAD c:/program files (x86)/cypress/psoc creator/4.0/psoc creator/import/gnu/arm/4.9.3/bin/../lib/gcc/arm-none-eabi/4.9.3/../../../../arm-none-eabi/lib/armv7-m/crt0.o
START GROUP
LOAD .\CortexM3\ARM_GCC_493\Debug\main.o
LOAD .\CortexM3\ARM_GCC_493\Debug\cymetadata.o
LOAD .\CortexM3\ARM_GCC_493\Debug\Cm3Start.o
LOAD .\CortexM3\ARM_GCC_493\Debug\Exercise3.a
LOAD C:\Program Files (x86)\Cypress\PSoC Creator\4.0\PSoC Creator\psoc\content\cycomponentlibrary\CyComponentLibrary.cylib\CortexM3\ARM_GCC_493\Debug\CyComponentLibrary.a
END GROUP
START GROUP
LOAD c:/program files (x86)/cypress/psoc creator/4.0/psoc creator/import/gnu/arm/4.9.3/bin/../lib/gcc/arm-none-eabi/4.9.3/armv7-m\libgcc.a
LOAD c:/program files (x86)/cypress/psoc creator/4.0/psoc creator/import/gnu/arm/4.9.3/bin/../lib/gcc/arm-none-eabi/4.9.3/../../../../arm-none-eabi/lib/armv7-m\libg.a
LOAD c:/program files (x86)/cypress/psoc creator/4.0/psoc creator/import/gnu/arm/4.9.3/bin/../lib/gcc/arm-none-eabi/4.9.3/../../../../arm-none-eabi/lib/armv7-m\libc.a
END GROUP
LOAD c:/program files (x86)/cypress/psoc creator/4.0/psoc creator/import/gnu/arm/4.9.3/bin/../lib/gcc/arm-none-eabi/4.9.3/armv7-m/crtend.o
LOAD c:/program files (x86)/cypress/psoc creator/4.0/psoc creator/import/gnu/arm/4.9.3/bin/../lib/gcc/arm-none-eabi/4.9.3/armv7-m/crtn.o
START GROUP
LOAD c:/program files (x86)/cypress/psoc creator/4.0/psoc creator/import/gnu/arm/4.9.3/bin/../lib/gcc/arm-none-eabi/4.9.3/armv7-m\libgcc.a
LOAD c:/program files (x86)/cypress/psoc creator/4.0/psoc creator/import/gnu/arm/4.9.3/bin/../lib/gcc/arm-none-eabi/4.9.3/../../../../arm-none-eabi/lib/armv7-m\libc.a
LOAD c:/program files (x86)/cypress/psoc creator/4.0/psoc creator/import/gnu/arm/4.9.3/bin/../lib/gcc/arm-none-eabi/4.9.3/../../../../arm-none-eabi/lib/armv7-m\libnosys.a
END GROUP
                0x00000000                CY_APPL_ORIGIN = 0x0
                0x00000100                CY_FLASH_ROW_SIZE = 0x100
                0x00000020                CY_ECC_ROW_SIZE = 0x20
                0x00000000                CY_EE_IN_BTLDR = 0x0
                0x00000000                CY_APPL_LOADABLE = 0x0
                0x00000800                CY_EE_SIZE = 0x800
                0x00000001                CY_APPL_NUM = 0x1
                0x00000001                CY_APPL_MAX = 0x1
                0x00000040                CY_METADATA_SIZE = 0x40
                0x00000000                CY_APPL_LOADABLE = 0x0
                0x00000000                CY_CHECKSUM_EXCLUDE_SIZE = ALIGN (0x0, CY_FLASH_ROW_SIZE)
                0x1fff8a10                PROVIDE (__cy_heap_start, _end)
                0x00000001                PROVIDE (__cy_region_num, ((__cy_regions_end - __cy_regions) / 0x10))
                0x20008000                PROVIDE (__cy_stack, (ORIGIN (ram) + 0x10000))
                0x20007800                PROVIDE (__cy_heap_end, (__cy_stack - 0x800))

.cybootloader   0x00000000        0x0
 *(.cybootloader)
                0x00000000                appl1_start = CY_APPL_ORIGIN?CY_APPL_ORIGIN:ALIGN (CY_FLASH_ROW_SIZE)
                0x0001ff00                appl2_start = (appl1_start + ALIGN ((((0x40000 - appl1_start) - (0x2 * CY_FLASH_ROW_SIZE)) / 0x2), CY_FLASH_ROW_SIZE))
                0x00000000                appl_start = (CY_APPL_NUM == 0x1)?appl1_start:appl2_start
                0x00000000                ecc_offset = ((appl_start / CY_FLASH_ROW_SIZE) * CY_ECC_ROW_SIZE)
                0x00000000                ee_offset = (CY_APPL_LOADABLE && ! (CY_EE_IN_BTLDR))?((CY_EE_SIZE / CY_APPL_MAX) * (CY_APPL_NUM - 0x1)):0x0
                0x00000800                ee_size = (CY_APPL_LOADABLE && ! (CY_EE_IN_BTLDR))?(CY_EE_SIZE / CY_APPL_MAX):CY_EE_SIZE
                0x00000000                PROVIDE (CY_ECC_OFFSET, ecc_offset)

.text           0x00000000     0xaa70
 CREATE_OBJECT_SYMBOLS
                0x00000000                PROVIDE (__cy_interrupt_vector, RomVectors)
 *(.romvectors)
 .romvectors    0x00000000       0x10 .\CortexM3\ARM_GCC_493\Debug\Cm3Start.o
                0x00000000                RomVectors
                0x00000001                ASSERT ((. != __cy_interrupt_vector), No interrupt vector)
                0x00000001                ASSERT (CY_APPL_ORIGIN?(SIZEOF (.cybootloader) <= CY_APPL_ORIGIN):0x1, Wrong image location)
                0x00000010                PROVIDE (__cy_reset, Reset)
 *(.text.Reset)
 .text.Reset    0x00000010       0x18 .\CortexM3\ARM_GCC_493\Debug\Cm3Start.o
                0x00000010                Reset
                0x00000001                ASSERT ((. != __cy_reset), No reset code)
 *(.dma_init)
                0x00000001                ASSERT ((((appl_start + .) <= 0x10000) || 0x1), DMA Init must be within the first 64k of flash)
 *(.text .text.* .gnu.linkonce.t.*)
 .text          0x00000028       0x5c c:/program files (x86)/cypress/psoc creator/4.0/psoc creator/import/gnu/arm/4.9.3/bin/../lib/gcc/arm-none-eabi/4.9.3/armv7-m/crtbegin.o
 .text.main     0x00000084       0x90 .\CortexM3\ARM_GCC_493\Debug\main.o
                0x00000084                main
 .text._write   0x00000114       0x2c .\CortexM3\ARM_GCC_493\Debug\main.o
                0x00000114                _write
 .text._read    0x00000140       0x38 .\CortexM3\ARM_GCC_493\Debug\main.o
                0x00000140                _read
 .text.IntDefaultHandler
                0x00000178       0x10 .\CortexM3\ARM_GCC_493\Debug\Cm3Start.o
                0x00000178                IntDefaultHandler
 .text._sbrk    0x00000188       0x30 .\CortexM3\ARM_GCC_493\Debug\Cm3Start.o
                0x00000188                _sbrk
 .text.Start_c  0x000001b8       0x4c .\CortexM3\ARM_GCC_493\Debug\Cm3Start.o
                0x000001b8                Start_c
 .text.initialize_psoc
                0x00000204       0x74 .\CortexM3\ARM_GCC_493\Debug\Cm3Start.o
                0x00000204                initialize_psoc
 .text.CyClockStartupError
                0x00000278        0x4 .\CortexM3\ARM_GCC_493\Debug\Exercise3.a(cyfitter_cfg.o)
 .text.cfg_write_bytes32
                0x0000027c       0x34 .\CortexM3\ARM_GCC_493\Debug\Exercise3.a(cyfitter_cfg.o)
 .text.AnalogSetDefault
                0x000002b0       0x28 .\CortexM3\ARM_GCC_493\Debug\Exercise3.a(cyfitter_cfg.o)
 .text.CYMEMZERO
                0x000002d8        0xc .\CortexM3\ARM_GCC_493\Debug\Exercise3.a(cyfitter_cfg.o)
 .text.ClockSetup
                0x000002e4       0xb4 .\CortexM3\ARM_GCC_493\Debug\Exercise3.a(cyfitter_cfg.o)
 .text.CYCONFIGCPY
                0x00000398        0x8 .\CortexM3\ARM_GCC_493\Debug\Exercise3.a(cyfitter_cfg.o)
 .text.cyfitter_cfg
                0x000003a0       0xfc .\CortexM3\ARM_GCC_493\Debug\Exercise3.a(cyfitter_cfg.o)
                0x000003a0                cyfitter_cfg
 .text.UART_1_Init
                0x0000049c       0x24 .\CortexM3\ARM_GCC_493\Debug\Exercise3.a(UART_1.o)
                0x0000049c                UART_1_Init
 .text.UART_1_Enable
                0x000004c0       0x38 .\CortexM3\ARM_GCC_493\Debug\Exercise3.a(UART_1.o)
                0x000004c0                UART_1_Enable
 .text.UART_1_Start
                0x000004f8       0x1c .\CortexM3\ARM_GCC_493\Debug\Exercise3.a(UART_1.o)
                0x000004f8                UART_1_Start
 .text.UART_1_GetChar
                0x00000514       0x2c .\CortexM3\ARM_GCC_493\Debug\Exercise3.a(UART_1.o)
                0x00000514                UART_1_GetChar
 .text.UART_1_PutChar
                0x00000540       0x18 .\CortexM3\ARM_GCC_493\Debug\Exercise3.a(UART_1.o)
                0x00000540                UART_1_PutChar
 .text.UART_1_IntClock_Start
                0x00000558       0x1c .\CortexM3\ARM_GCC_493\Debug\Exercise3.a(UART_1_IntClock.o)
                0x00000558                UART_1_IntClock_Start
 *fill*         0x00000574        0x4 
 .text          0x00000578       0x20 .\CortexM3\ARM_GCC_493\Debug\Exercise3.a(CyBootAsmGnu.o)
                0x00000578                CyDelayCycles
                0x00000588                CyEnterCriticalSection
                0x00000590                CyExitCriticalSection
 .text          0x00000598      0x370 c:/program files (x86)/cypress/psoc creator/4.0/psoc creator/import/gnu/arm/4.9.3/bin/../lib/gcc/arm-none-eabi/4.9.3/armv7-m\libgcc.a(_arm_addsubdf3.o)
                0x00000598                __aeabi_drsub
                0x000005a0                __aeabi_dsub
                0x000005a0                __subdf3
                0x000005a4                __aeabi_dadd
                0x000005a4                __adddf3
                0x0000081c                __floatunsidf
                0x0000081c                __aeabi_ui2d
                0x0000083c                __floatsidf
                0x0000083c                __aeabi_i2d
                0x00000860                __aeabi_f2d
                0x00000860                __extendsfdf2
                0x0000089c                __floatundidf
                0x0000089c                __aeabi_ul2d
                0x000008ac                __floatdidf
                0x000008ac                __aeabi_l2d
 .text          0x00000908      0x21c c:/program files (x86)/cypress/psoc creator/4.0/psoc creator/import/gnu/arm/4.9.3/bin/../lib/gcc/arm-none-eabi/4.9.3/armv7-m\libgcc.a(_arm_addsubsf3.o)
                0x00000908                __aeabi_frsub
                0x00000910                __subsf3
                0x00000910                __aeabi_fsub
                0x00000914                __aeabi_fadd
                0x00000914                __addsf3
                0x00000a74                __aeabi_ui2f
                0x00000a74                __floatunsisf
                0x00000a7c                __aeabi_i2f
                0x00000a7c                __floatsisf
                0x00000a98                __aeabi_ul2f
                0x00000a98                __floatundisf
                0x00000aa8                __aeabi_l2f
                0x00000aa8                __floatdisf
 .text          0x00000b24       0xec c:/program files (x86)/cypress/psoc creator/4.0/psoc creator/import/gnu/arm/4.9.3/bin/../lib/gcc/arm-none-eabi/4.9.3/armv7-m\libgcc.a(_arm_cmpsf2.o)
                0x00000b24                __gesf2
                0x00000b24                __gtsf2
                0x00000b2c                __lesf2
                0x00000b2c                __ltsf2
                0x00000b34                __nesf2
                0x00000b34                __eqsf2
                0x00000b34                __cmpsf2
                0x00000b94                __aeabi_cfrcmple
                0x00000b9c                __aeabi_cfcmpeq
                0x00000b9c                __aeabi_cfcmple
                0x00000bac                __aeabi_fcmpeq
                0x00000bc0                __aeabi_fcmplt
                0x00000bd4                __aeabi_fcmple
                0x00000be8                __aeabi_fcmpge
                0x00000bfc                __aeabi_fcmpgt
 .text.__errno  0x00000c10        0xc c:/program files (x86)/cypress/psoc creator/4.0/psoc creator/import/gnu/arm/4.9.3/bin/../lib/gcc/arm-none-eabi/4.9.3/../../../../arm-none-eabi/lib/armv7-m\libg.a(lib_a-errno.o)
                0x00000c10                __errno
 .text.__libc_init_array
                0x00000c1c       0x50 c:/program files (x86)/cypress/psoc creator/4.0/psoc creator/import/gnu/arm/4.9.3/bin/../lib/gcc/arm-none-eabi/4.9.3/../../../../arm-none-eabi/lib/armv7-m\libg.a(lib_a-init.o)
                0x00000c1c                __libc_init_array
 .text          0x00000c6c       0xec c:/program files (x86)/cypress/psoc creator/4.0/psoc creator/import/gnu/arm/4.9.3/bin/../lib/gcc/arm-none-eabi/4.9.3/../../../../arm-none-eabi/lib/armv7-m\libg.a(lib_a-memcpy.o)
                0x00000c6c                memcpy
 .text.memset   0x00000d58       0x9c c:/program files (x86)/cypress/psoc creator/4.0/psoc creator/import/gnu/arm/4.9.3/bin/../lib/gcc/arm-none-eabi/4.9.3/../../../../arm-none-eabi/lib/armv7-m\libg.a(lib_a-memset.o)
                0x00000d58                memset
 .text.printf   0x00000df4       0x28 c:/program files (x86)/cypress/psoc creator/4.0/psoc creator/import/gnu/arm/4.9.3/bin/../lib/gcc/arm-none-eabi/4.9.3/../../../../arm-none-eabi/lib/armv7-m\libg.a(lib_a-printf.o)
                0x00000df4                printf
 .text._puts_r  0x00000e1c       0x60 c:/program files (x86)/cypress/psoc creator/4.0/psoc creator/import/gnu/arm/4.9.3/bin/../lib/gcc/arm-none-eabi/4.9.3/../../../../arm-none-eabi/lib/armv7-m\libg.a(lib_a-puts.o)
                0x00000e1c                _puts_r
 .text.puts     0x00000e7c       0x10 c:/program files (x86)/cypress/psoc creator/4.0/psoc creator/import/gnu/arm/4.9.3/bin/../lib/gcc/arm-none-eabi/4.9.3/../../../../arm-none-eabi/lib/armv7-m\libg.a(lib_a-puts.o)
                0x00000e7c                puts
 .text.scanf    0x00000e8c       0x28 c:/program files (x86)/cypress/psoc creator/4.0/psoc creator/import/gnu/arm/4.9.3/bin/../lib/gcc/arm-none-eabi/4.9.3/../../../../arm-none-eabi/lib/armv7-m\libg.a(lib_a-scanf.o)
                0x00000e8c                scanf
 .text.strlen   0x00000eb4       0x5c c:/program files (x86)/cypress/psoc creator/4.0/psoc creator/import/gnu/arm/4.9.3/bin/../lib/gcc/arm-none-eabi/4.9.3/../../../../arm-none-eabi/lib/armv7-m\libg.a(lib_a-strlen.o)
                0x00000eb4                strlen
 .text._vfprintf_r
                0x00000f10     0x1448 c:/program files (x86)/cypress/psoc creator/4.0/psoc creator/import/gnu/arm/4.9.3/bin/../lib/gcc/arm-none-eabi/4.9.3/../../../../arm-none-eabi/lib/armv7-m\libg.a(lib_a-vfprintf.o)
                0x00000f10                _vfprintf_r
 .text.__sbprintf
                0x00002358       0x7c c:/program files (x86)/cypress/psoc creator/4.0/psoc creator/import/gnu/arm/4.9.3/bin/../lib/gcc/arm-none-eabi/4.9.3/../../../../arm-none-eabi/lib/armv7-m\libg.a(lib_a-vfprintf.o)
 .text.__svfscanf_r
                0x000023d4      0xdf4 c:/program files (x86)/cypress/psoc creator/4.0/psoc creator/import/gnu/arm/4.9.3/bin/../lib/gcc/arm-none-eabi/4.9.3/../../../../arm-none-eabi/lib/armv7-m\libg.a(lib_a-vfscanf.o)
                0x000023d4                __svfscanf_r
 .text._vfscanf_r
                0x000031c8       0x28 c:/program files (x86)/cypress/psoc creator/4.0/psoc creator/import/gnu/arm/4.9.3/bin/../lib/gcc/arm-none-eabi/4.9.3/../../../../arm-none-eabi/lib/armv7-m\libg.a(lib_a-vfscanf.o)
                0x000031c8                _vfscanf_r
 .text.__swsetup_r
                0x000031f0       0xc4 c:/program files (x86)/cypress/psoc creator/4.0/psoc creator/import/gnu/arm/4.9.3/bin/../lib/gcc/arm-none-eabi/4.9.3/../../../../arm-none-eabi/lib/armv7-m\libg.a(lib_a-wsetup.o)
                0x000031f0                __swsetup_r
 .text.startup.register_fini
                0x000032b4       0x14 c:/program files (x86)/cypress/psoc creator/4.0/psoc creator/import/gnu/arm/4.9.3/bin/../lib/gcc/arm-none-eabi/4.9.3/../../../../arm-none-eabi/lib/armv7-m\libg.a(lib_a-__call_atexit.o)
 .text.atexit   0x000032c8        0xc c:/program files (x86)/cypress/psoc creator/4.0/psoc creator/import/gnu/arm/4.9.3/bin/../lib/gcc/arm-none-eabi/4.9.3/../../../../arm-none-eabi/lib/armv7-m\libg.a(lib_a-atexit.o)
                0x000032c8                atexit
 .text.quorem   0x000032d4      0x130 c:/program files (x86)/cypress/psoc creator/4.0/psoc creator/import/gnu/arm/4.9.3/bin/../lib/gcc/arm-none-eabi/4.9.3/../../../../arm-none-eabi/lib/armv7-m\libg.a(lib_a-dtoa.o)
 *fill*         0x00003404        0x4 
 .text._dtoa_r  0x00003408      0xea8 c:/program files (x86)/cypress/psoc creator/4.0/psoc creator/import/gnu/arm/4.9.3/bin/../lib/gcc/arm-none-eabi/4.9.3/../../../../arm-none-eabi/lib/armv7-m\libg.a(lib_a-dtoa.o)
                0x00003408                _dtoa_r
 .text.__sflush_r
                0x000042b0      0x148 c:/program files (x86)/cypress/psoc creator/4.0/psoc creator/import/gnu/arm/4.9.3/bin/../lib/gcc/arm-none-eabi/4.9.3/../../../../arm-none-eabi/lib/armv7-m\libg.a(lib_a-fflush.o)
                0x000042b0                __sflush_r
 .text._fflush_r
                0x000043f8       0x2c c:/program files (x86)/cypress/psoc creator/4.0/psoc creator/import/gnu/arm/4.9.3/bin/../lib/gcc/arm-none-eabi/4.9.3/../../../../arm-none-eabi/lib/armv7-m\libg.a(lib_a-fflush.o)
                0x000043f8                _fflush_r
 .text.fflush   0x00004424       0x24 c:/program files (x86)/cypress/psoc creator/4.0/psoc creator/import/gnu/arm/4.9.3/bin/../lib/gcc/arm-none-eabi/4.9.3/../../../../arm-none-eabi/lib/armv7-m\libg.a(lib_a-fflush.o)
                0x00004424                fflush
 .text._cleanup_r
                0x00004448        0xc c:/program files (x86)/cypress/psoc creator/4.0/psoc creator/import/gnu/arm/4.9.3/bin/../lib/gcc/arm-none-eabi/4.9.3/../../../../arm-none-eabi/lib/armv7-m\libg.a(lib_a-findfp.o)
                0x00004448                _cleanup_r
 .text.__sinit.part.1
                0x00004454       0xf0 c:/program files (x86)/cypress/psoc creator/4.0/psoc creator/import/gnu/arm/4.9.3/bin/../lib/gcc/arm-none-eabi/4.9.3/../../../../arm-none-eabi/lib/armv7-m\libg.a(lib_a-findfp.o)
 .text.__sinit  0x00004544        0xc c:/program files (x86)/cypress/psoc creator/4.0/psoc creator/import/gnu/arm/4.9.3/bin/../lib/gcc/arm-none-eabi/4.9.3/../../../../arm-none-eabi/lib/armv7-m\libg.a(lib_a-findfp.o)
                0x00004544                __sinit
 .text.__sfp_lock_acquire
                0x00004550        0x4 c:/program files (x86)/cypress/psoc creator/4.0/psoc creator/import/gnu/arm/4.9.3/bin/../lib/gcc/arm-none-eabi/4.9.3/../../../../arm-none-eabi/lib/armv7-m\libg.a(lib_a-findfp.o)
                0x00004550                __sfp_lock_acquire
 .text.__sfp_lock_release
                0x00004554        0x4 c:/program files (x86)/cypress/psoc creator/4.0/psoc creator/import/gnu/arm/4.9.3/bin/../lib/gcc/arm-none-eabi/4.9.3/../../../../arm-none-eabi/lib/armv7-m\libg.a(lib_a-findfp.o)
                0x00004554                __sfp_lock_release
 .text.__libc_fini_array
                0x00004558       0x2c c:/program files (x86)/cypress/psoc creator/4.0/psoc creator/import/gnu/arm/4.9.3/bin/../lib/gcc/arm-none-eabi/4.9.3/../../../../arm-none-eabi/lib/armv7-m\libg.a(lib_a-fini.o)
                0x00004558                __libc_fini_array
 .text._fread_r
                0x00004584      0x194 c:/program files (x86)/cypress/psoc creator/4.0/psoc creator/import/gnu/arm/4.9.3/bin/../lib/gcc/arm-none-eabi/4.9.3/../../../../arm-none-eabi/lib/armv7-m\libg.a(lib_a-fread.o)
                0x00004584                _fread_r
 .text._malloc_trim_r
                0x00004718       0x9c c:/program files (x86)/cypress/psoc creator/4.0/psoc creator/import/gnu/arm/4.9.3/bin/../lib/gcc/arm-none-eabi/4.9.3/../../../../arm-none-eabi/lib/armv7-m\libg.a(lib_a-freer.o)
                0x00004718                _malloc_trim_r
 .text._free_r  0x000047b4      0x1b0 c:/program files (x86)/cypress/psoc creator/4.0/psoc creator/import/gnu/arm/4.9.3/bin/../lib/gcc/arm-none-eabi/4.9.3/../../../../arm-none-eabi/lib/armv7-m\libg.a(lib_a-freer.o)
                0x000047b4                _free_r
 .text.__sfvwrite_r
                0x00004964      0x320 c:/program files (x86)/cypress/psoc creator/4.0/psoc creator/import/gnu/arm/4.9.3/bin/../lib/gcc/arm-none-eabi/4.9.3/../../../../arm-none-eabi/lib/armv7-m\libg.a(lib_a-fvwrite.o)
                0x00004964                __sfvwrite_r
 .text._fwalk   0x00004c84       0x48 c:/program files (x86)/cypress/psoc creator/4.0/psoc creator/import/gnu/arm/4.9.3/bin/../lib/gcc/arm-none-eabi/4.9.3/../../../../arm-none-eabi/lib/armv7-m\libg.a(lib_a-fwalk.o)
                0x00004c84                _fwalk
 .text._fwalk_reent
                0x00004ccc       0x50 c:/program files (x86)/cypress/psoc creator/4.0/psoc creator/import/gnu/arm/4.9.3/bin/../lib/gcc/arm-none-eabi/4.9.3/../../../../arm-none-eabi/lib/armv7-m\libg.a(lib_a-fwalk.o)
                0x00004ccc                _fwalk_reent
 .text.iswspace
                0x00004d1c       0x1c c:/program files (x86)/cypress/psoc creator/4.0/psoc creator/import/gnu/arm/4.9.3/bin/../lib/gcc/arm-none-eabi/4.9.3/../../../../arm-none-eabi/lib/armv7-m\libg.a(lib_a-iswspace.o)
                0x00004d1c                iswspace
 .text.__locale_charset
                0x00004d38        0x8 c:/program files (x86)/cypress/psoc creator/4.0/psoc creator/import/gnu/arm/4.9.3/bin/../lib/gcc/arm-none-eabi/4.9.3/../../../../arm-none-eabi/lib/armv7-m\libg.a(lib_a-locale.o)
                0x00004d38                __locale_charset
 .text.__locale_mb_cur_max
                0x00004d40        0xc c:/program files (x86)/cypress/psoc creator/4.0/psoc creator/import/gnu/arm/4.9.3/bin/../lib/gcc/arm-none-eabi/4.9.3/../../../../arm-none-eabi/lib/armv7-m\libg.a(lib_a-locale.o)
                0x00004d40                __locale_mb_cur_max
 .text._localeconv_r
                0x00004d4c        0x8 c:/program files (x86)/cypress/psoc creator/4.0/psoc creator/import/gnu/arm/4.9.3/bin/../lib/gcc/arm-none-eabi/4.9.3/../../../../arm-none-eabi/lib/armv7-m\libg.a(lib_a-locale.o)
                0x00004d4c                _localeconv_r
 .text.__smakebuf_r
                0x00004d54       0xe0 c:/program files (x86)/cypress/psoc creator/4.0/psoc creator/import/gnu/arm/4.9.3/bin/../lib/gcc/arm-none-eabi/4.9.3/../../../../arm-none-eabi/lib/armv7-m\libg.a(lib_a-makebuf.o)
                0x00004d54                __smakebuf_r
 .text._malloc_r
                0x00004e34      0x50c c:/program files (x86)/cypress/psoc creator/4.0/psoc creator/import/gnu/arm/4.9.3/bin/../lib/gcc/arm-none-eabi/4.9.3/../../../../arm-none-eabi/lib/armv7-m\libg.a(lib_a-mallocr.o)
                0x00004e34                _malloc_r
 .text._mbrtowc_r
                0x00005340       0x5c c:/program files (x86)/cypress/psoc creator/4.0/psoc creator/import/gnu/arm/4.9.3/bin/../lib/gcc/arm-none-eabi/4.9.3/../../../../arm-none-eabi/lib/armv7-m\libg.a(lib_a-mbrtowc.o)
                0x00005340                _mbrtowc_r
 .text.__ascii_mbtowc
                0x0000539c       0x2c c:/program files (x86)/cypress/psoc creator/4.0/psoc creator/import/gnu/arm/4.9.3/bin/../lib/gcc/arm-none-eabi/4.9.3/../../../../arm-none-eabi/lib/armv7-m\libg.a(lib_a-mbtowc_r.o)
                0x0000539c                __ascii_mbtowc
 .text.memchr   0x000053c8       0x94 c:/program files (x86)/cypress/psoc creator/4.0/psoc creator/import/gnu/arm/4.9.3/bin/../lib/gcc/arm-none-eabi/4.9.3/../../../../arm-none-eabi/lib/armv7-m\libg.a(lib_a-memchr.o)
                0x000053c8                memchr
 .text.memmove  0x0000545c       0xc8 c:/program files (x86)/cypress/psoc creator/4.0/psoc creator/import/gnu/arm/4.9.3/bin/../lib/gcc/arm-none-eabi/4.9.3/../../../../arm-none-eabi/lib/armv7-m\libg.a(lib_a-memmove.o)
                0x0000545c                memmove
 .text.__malloc_lock
                0x00005524        0x4 c:/program files (x86)/cypress/psoc creator/4.0/psoc creator/import/gnu/arm/4.9.3/bin/../lib/gcc/arm-none-eabi/4.9.3/../../../../arm-none-eabi/lib/armv7-m\libg.a(lib_a-mlock.o)
                0x00005524                __malloc_lock
 .text.__malloc_unlock
                0x00005528        0x4 c:/program files (x86)/cypress/psoc creator/4.0/psoc creator/import/gnu/arm/4.9.3/bin/../lib/gcc/arm-none-eabi/4.9.3/../../../../arm-none-eabi/lib/armv7-m\libg.a(lib_a-mlock.o)
                0x00005528                __malloc_unlock
 .text._Balloc  0x0000552c       0x50 c:/program files (x86)/cypress/psoc creator/4.0/psoc creator/import/gnu/arm/4.9.3/bin/../lib/gcc/arm-none-eabi/4.9.3/../../../../arm-none-eabi/lib/armv7-m\libg.a(lib_a-mprec.o)
                0x0000552c                _Balloc
 .text._Bfree   0x0000557c       0x14 c:/program files (x86)/cypress/psoc creator/4.0/psoc creator/import/gnu/arm/4.9.3/bin/../lib/gcc/arm-none-eabi/4.9.3/../../../../arm-none-eabi/lib/armv7-m\libg.a(lib_a-mprec.o)
                0x0000557c                _Bfree
 .text.__multadd
                0x00005590       0x84 c:/program files (x86)/cypress/psoc creator/4.0/psoc creator/import/gnu/arm/4.9.3/bin/../lib/gcc/arm-none-eabi/4.9.3/../../../../arm-none-eabi/lib/armv7-m\libg.a(lib_a-mprec.o)
                0x00005590                __multadd
 .text.__s2b    0x00005614       0x98 c:/program files (x86)/cypress/psoc creator/4.0/psoc creator/import/gnu/arm/4.9.3/bin/../lib/gcc/arm-none-eabi/4.9.3/../../../../arm-none-eabi/lib/armv7-m\libg.a(lib_a-mprec.o)
                0x00005614                __s2b
 .text.__hi0bits
                0x000056ac       0x40 c:/program files (x86)/cypress/psoc creator/4.0/psoc creator/import/gnu/arm/4.9.3/bin/../lib/gcc/arm-none-eabi/4.9.3/../../../../arm-none-eabi/lib/armv7-m\libg.a(lib_a-mprec.o)
                0x000056ac                __hi0bits
 .text.__lo0bits
                0x000056ec       0x5c c:/program files (x86)/cypress/psoc creator/4.0/psoc creator/import/gnu/arm/4.9.3/bin/../lib/gcc/arm-none-eabi/4.9.3/../../../../arm-none-eabi/lib/armv7-m\libg.a(lib_a-mprec.o)
                0x000056ec                __lo0bits
 .text.__i2b    0x00005748       0x14 c:/program files (x86)/cypress/psoc creator/4.0/psoc creator/import/gnu/arm/4.9.3/bin/../lib/gcc/arm-none-eabi/4.9.3/../../../../arm-none-eabi/lib/armv7-m\libg.a(lib_a-mprec.o)
                0x00005748                __i2b
 .text.__multiply
                0x0000575c      0x140 c:/program files (x86)/cypress/psoc creator/4.0/psoc creator/import/gnu/arm/4.9.3/bin/../lib/gcc/arm-none-eabi/4.9.3/../../../../arm-none-eabi/lib/armv7-m\libg.a(lib_a-mprec.o)
                0x0000575c                __multiply
 .text.__pow5mult
                0x0000589c       0xa0 c:/program files (x86)/cypress/psoc creator/4.0/psoc creator/import/gnu/arm/4.9.3/bin/../lib/gcc/arm-none-eabi/4.9.3/../../../../arm-none-eabi/lib/armv7-m\libg.a(lib_a-mprec.o)
                0x0000589c                __pow5mult
 .text.__lshift
                0x0000593c       0xb0 c:/program files (x86)/cypress/psoc creator/4.0/psoc creator/import/gnu/arm/4.9.3/bin/../lib/gcc/arm-none-eabi/4.9.3/../../../../arm-none-eabi/lib/armv7-m\libg.a(lib_a-mprec.o)
                0x0000593c                __lshift
 .text.__mcmp   0x000059ec       0x48 c:/program files (x86)/cypress/psoc creator/4.0/psoc creator/import/gnu/arm/4.9.3/bin/../lib/gcc/arm-none-eabi/4.9.3/../../../../arm-none-eabi/lib/armv7-m\libg.a(lib_a-mprec.o)
                0x000059ec                __mcmp
 .text.__mdiff  0x00005a34       0xe4 c:/program files (x86)/cypress/psoc creator/4.0/psoc creator/import/gnu/arm/4.9.3/bin/../lib/gcc/arm-none-eabi/4.9.3/../../../../arm-none-eabi/lib/armv7-m\libg.a(lib_a-mprec.o)
                0x00005a34                __mdiff
 .text.__ulp    0x00005b18       0x44 c:/program files (x86)/cypress/psoc creator/4.0/psoc creator/import/gnu/arm/4.9.3/bin/../lib/gcc/arm-none-eabi/4.9.3/../../../../arm-none-eabi/lib/armv7-m\libg.a(lib_a-mprec.o)
                0x00005b18                __ulp
 .text.__b2d    0x00005b5c       0xd0 c:/program files (x86)/cypress/psoc creator/4.0/psoc creator/import/gnu/arm/4.9.3/bin/../lib/gcc/arm-none-eabi/4.9.3/../../../../arm-none-eabi/lib/armv7-m\libg.a(lib_a-mprec.o)
                0x00005b5c                __b2d
 .text.__d2b    0x00005c2c       0xa8 c:/program files (x86)/cypress/psoc creator/4.0/psoc creator/import/gnu/arm/4.9.3/bin/../lib/gcc/arm-none-eabi/4.9.3/../../../../arm-none-eabi/lib/armv7-m\libg.a(lib_a-mprec.o)
                0x00005c2c                __d2b
 .text.__ratio  0x00005cd4       0x58 c:/program files (x86)/cypress/psoc creator/4.0/psoc creator/import/gnu/arm/4.9.3/bin/../lib/gcc/arm-none-eabi/4.9.3/../../../../arm-none-eabi/lib/armv7-m\libg.a(lib_a-mprec.o)
                0x00005cd4                __ratio
 .text.__copybits
                0x00005d2c       0x48 c:/program files (x86)/cypress/psoc creator/4.0/psoc creator/import/gnu/arm/4.9.3/bin/../lib/gcc/arm-none-eabi/4.9.3/../../../../arm-none-eabi/lib/armv7-m\libg.a(lib_a-mprec.o)
                0x00005d2c                __copybits
 .text.__any_on
                0x00005d74       0x5c c:/program files (x86)/cypress/psoc creator/4.0/psoc creator/import/gnu/arm/4.9.3/bin/../lib/gcc/arm-none-eabi/4.9.3/../../../../arm-none-eabi/lib/armv7-m\libg.a(lib_a-mprec.o)
                0x00005d74                __any_on
 .text._realloc_r
                0x00005dd0      0x3e0 c:/program files (x86)/cypress/psoc creator/4.0/psoc creator/import/gnu/arm/4.9.3/bin/../lib/gcc/arm-none-eabi/4.9.3/../../../../arm-none-eabi/lib/armv7-m\libg.a(lib_a-reallocr.o)
                0x00005dd0                _realloc_r
 .text.lflush   0x000061b0       0x14 c:/program files (x86)/cypress/psoc creator/4.0/psoc creator/import/gnu/arm/4.9.3/bin/../lib/gcc/arm-none-eabi/4.9.3/../../../../arm-none-eabi/lib/armv7-m\libg.a(lib_a-refill.o)
 .text.__srefill_r
                0x000061c4      0x110 c:/program files (x86)/cypress/psoc creator/4.0/psoc creator/import/gnu/arm/4.9.3/bin/../lib/gcc/arm-none-eabi/4.9.3/../../../../arm-none-eabi/lib/armv7-m\libg.a(lib_a-refill.o)
                0x000061c4                __srefill_r
 .text.__fpclassifyd
                0x000062d4       0x58 c:/program files (x86)/cypress/psoc creator/4.0/psoc creator/import/gnu/arm/4.9.3/bin/../lib/gcc/arm-none-eabi/4.9.3/../../../../arm-none-eabi/lib/armv7-m\libg.a(lib_a-s_fpclassify.o)
                0x000062d4                __fpclassifyd
 .text._sbrk_r  0x0000632c       0x24 c:/program files (x86)/cypress/psoc creator/4.0/psoc creator/import/gnu/arm/4.9.3/bin/../lib/gcc/arm-none-eabi/4.9.3/../../../../arm-none-eabi/lib/armv7-m\libg.a(lib_a-sbrkr.o)
                0x0000632c                _sbrk_r
 .text.__sccl   0x00006350       0x78 c:/program files (x86)/cypress/psoc creator/4.0/psoc creator/import/gnu/arm/4.9.3/bin/../lib/gcc/arm-none-eabi/4.9.3/../../../../arm-none-eabi/lib/armv7-m\libg.a(lib_a-sccl.o)
                0x00006350                __sccl
 .text.nanf     0x000063c8        0x8 c:/program files (x86)/cypress/psoc creator/4.0/psoc creator/import/gnu/arm/4.9.3/bin/../lib/gcc/arm-none-eabi/4.9.3/../../../../arm-none-eabi/lib/armv7-m\libg.a(lib_a-sf_nan.o)
                0x000063c8                nanf
 .text.sprintf  0x000063d0       0x4c c:/program files (x86)/cypress/psoc creator/4.0/psoc creator/import/gnu/arm/4.9.3/bin/../lib/gcc/arm-none-eabi/4.9.3/../../../../arm-none-eabi/lib/armv7-m\libg.a(lib_a-sprintf.o)
                0x000063d0                sprintf
 .text.__sread  0x0000641c       0x24 c:/program files (x86)/cypress/psoc creator/4.0/psoc creator/import/gnu/arm/4.9.3/bin/../lib/gcc/arm-none-eabi/4.9.3/../../../../arm-none-eabi/lib/armv7-m\libg.a(lib_a-stdio.o)
                0x0000641c                __sread
 .text.__swrite
                0x00006440       0x38 c:/program files (x86)/cypress/psoc creator/4.0/psoc creator/import/gnu/arm/4.9.3/bin/../lib/gcc/arm-none-eabi/4.9.3/../../../../arm-none-eabi/lib/armv7-m\libg.a(lib_a-stdio.o)
                0x00006440                __swrite
 .text.__sseek  0x00006478       0x20 c:/program files (x86)/cypress/psoc creator/4.0/psoc creator/import/gnu/arm/4.9.3/bin/../lib/gcc/arm-none-eabi/4.9.3/../../../../arm-none-eabi/lib/armv7-m\libg.a(lib_a-stdio.o)
                0x00006478                __sseek
 .text.__sclose
                0x00006498        0x8 c:/program files (x86)/cypress/psoc creator/4.0/psoc creator/import/gnu/arm/4.9.3/bin/../lib/gcc/arm-none-eabi/4.9.3/../../../../arm-none-eabi/lib/armv7-m\libg.a(lib_a-stdio.o)
                0x00006498                __sclose
 .text.sulp     0x000064a0       0x44 c:/program files (x86)/cypress/psoc creator/4.0/psoc creator/import/gnu/arm/4.9.3/bin/../lib/gcc/arm-none-eabi/4.9.3/../../../../arm-none-eabi/lib/armv7-m\libg.a(lib_a-strtod.o)
 *fill*         0x000064e4        0x4 
 .text._strtod_r
                0x000064e8      0xf30 c:/program files (x86)/cypress/psoc creator/4.0/psoc creator/import/gnu/arm/4.9.3/bin/../lib/gcc/arm-none-eabi/4.9.3/../../../../arm-none-eabi/lib/armv7-m\libg.a(lib_a-strtod.o)
                0x000064e8                _strtod_r
 .text._strtol_r
                0x00007418      0x11c c:/program files (x86)/cypress/psoc creator/4.0/psoc creator/import/gnu/arm/4.9.3/bin/../lib/gcc/arm-none-eabi/4.9.3/../../../../arm-none-eabi/lib/armv7-m\libg.a(lib_a-strtol.o)
                0x00007418                _strtol_r
 .text._strtoll_r
                0x00007534      0x1cc c:/program files (x86)/cypress/psoc creator/4.0/psoc creator/import/gnu/arm/4.9.3/bin/../lib/gcc/arm-none-eabi/4.9.3/../../../../arm-none-eabi/lib/armv7-m\libg.a(lib_a-strtoll_r.o)
                0x00007534                _strtoll_r
 .text._strtoul_r
                0x00007700      0x134 c:/program files (x86)/cypress/psoc creator/4.0/psoc creator/import/gnu/arm/4.9.3/bin/../lib/gcc/arm-none-eabi/4.9.3/../../../../arm-none-eabi/lib/armv7-m\libg.a(lib_a-strtoul.o)
                0x00007700                _strtoul_r
 .text._strtoull_r
                0x00007834      0x1e8 c:/program files (x86)/cypress/psoc creator/4.0/psoc creator/import/gnu/arm/4.9.3/bin/../lib/gcc/arm-none-eabi/4.9.3/../../../../arm-none-eabi/lib/armv7-m\libg.a(lib_a-strtoull_r.o)
                0x00007834                _strtoull_r
 .text._svfprintf_r
                0x00007a1c     0x14f4 c:/program files (x86)/cypress/psoc creator/4.0/psoc creator/import/gnu/arm/4.9.3/bin/../lib/gcc/arm-none-eabi/4.9.3/../../../../arm-none-eabi/lib/armv7-m\libg.a(lib_a-svfprintf.o)
                0x00007a1c                _svfprintf_r
 .text.__submore
                0x00008f10       0x7c c:/program files (x86)/cypress/psoc creator/4.0/psoc creator/import/gnu/arm/4.9.3/bin/../lib/gcc/arm-none-eabi/4.9.3/../../../../arm-none-eabi/lib/armv7-m\libg.a(lib_a-ungetc.o)
                0x00008f10                __submore
 .text._ungetc_r
                0x00008f8c       0xd4 c:/program files (x86)/cypress/psoc creator/4.0/psoc creator/import/gnu/arm/4.9.3/bin/../lib/gcc/arm-none-eabi/4.9.3/../../../../arm-none-eabi/lib/armv7-m\libg.a(lib_a-ungetc.o)
                0x00008f8c                _ungetc_r
 .text.__sprint_r.part.0
                0x00009060       0x78 c:/program files (x86)/cypress/psoc creator/4.0/psoc creator/import/gnu/arm/4.9.3/bin/../lib/gcc/arm-none-eabi/4.9.3/../../../../arm-none-eabi/lib/armv7-m\libg.a(lib_a-vfiprintf.o)
 .text.__sprint_r
                0x000090d8       0x18 c:/program files (x86)/cypress/psoc creator/4.0/psoc creator/import/gnu/arm/4.9.3/bin/../lib/gcc/arm-none-eabi/4.9.3/../../../../arm-none-eabi/lib/armv7-m\libg.a(lib_a-vfiprintf.o)
                0x000090d8                __sprint_r
 .text._write_r
                0x000090f0       0x28 c:/program files (x86)/cypress/psoc creator/4.0/psoc creator/import/gnu/arm/4.9.3/bin/../lib/gcc/arm-none-eabi/4.9.3/../../../../arm-none-eabi/lib/armv7-m\libg.a(lib_a-writer.o)
                0x000090f0                _write_r
 .text.__register_exitproc
                0x00009118       0xa4 c:/program files (x86)/cypress/psoc creator/4.0/psoc creator/import/gnu/arm/4.9.3/bin/../lib/gcc/arm-none-eabi/4.9.3/../../../../arm-none-eabi/lib/armv7-m\libg.a(lib_a-__atexit.o)
                0x00009118                __register_exitproc
 .text._calloc_r
                0x000091bc       0x60 c:/program files (x86)/cypress/psoc creator/4.0/psoc creator/import/gnu/arm/4.9.3/bin/../lib/gcc/arm-none-eabi/4.9.3/../../../../arm-none-eabi/lib/armv7-m\libg.a(lib_a-callocr.o)
                0x000091bc                _calloc_r
 .text._close_r
                0x0000921c       0x24 c:/program files (x86)/cypress/psoc creator/4.0/psoc creator/import/gnu/arm/4.9.3/bin/../lib/gcc/arm-none-eabi/4.9.3/../../../../arm-none-eabi/lib/armv7-m\libg.a(lib_a-closer.o)
                0x0000921c                _close_r
 .text._fclose_r
                0x00009240       0x84 c:/program files (x86)/cypress/psoc creator/4.0/psoc creator/import/gnu/arm/4.9.3/bin/../lib/gcc/arm-none-eabi/4.9.3/../../../../arm-none-eabi/lib/armv7-m\libg.a(lib_a-fclose.o)
                0x00009240                _fclose_r
 .text.__fputwc
                0x000092c4       0xb0 c:/program files (x86)/cypress/psoc creator/4.0/psoc creator/import/gnu/arm/4.9.3/bin/../lib/gcc/arm-none-eabi/4.9.3/../../../../arm-none-eabi/lib/armv7-m\libg.a(lib_a-fputwc.o)
                0x000092c4                __fputwc
 .text._fputwc_r
                0x00009374       0x24 c:/program files (x86)/cypress/psoc creator/4.0/psoc creator/import/gnu/arm/4.9.3/bin/../lib/gcc/arm-none-eabi/4.9.3/../../../../arm-none-eabi/lib/armv7-m\libg.a(lib_a-fputwc.o)
                0x00009374                _fputwc_r
 .text._fstat_r
                0x00009398       0x28 c:/program files (x86)/cypress/psoc creator/4.0/psoc creator/import/gnu/arm/4.9.3/bin/../lib/gcc/arm-none-eabi/4.9.3/../../../../arm-none-eabi/lib/armv7-m\libg.a(lib_a-fstatr.o)
                0x00009398                _fstat_r
 .text.rshift   0x000093c0       0xa0 c:/program files (x86)/cypress/psoc creator/4.0/psoc creator/import/gnu/arm/4.9.3/bin/../lib/gcc/arm-none-eabi/4.9.3/../../../../arm-none-eabi/lib/armv7-m\libg.a(lib_a-gdtoa-gethex.o)
 .text.__gethex
                0x00009460      0x514 c:/program files (x86)/cypress/psoc creator/4.0/psoc creator/import/gnu/arm/4.9.3/bin/../lib/gcc/arm-none-eabi/4.9.3/../../../../arm-none-eabi/lib/armv7-m\libg.a(lib_a-gdtoa-gethex.o)
                0x00009460                __gethex
 .text.__hexnan
                0x00009974      0x184 c:/program files (x86)/cypress/psoc creator/4.0/psoc creator/import/gnu/arm/4.9.3/bin/../lib/gcc/arm-none-eabi/4.9.3/../../../../arm-none-eabi/lib/armv7-m\libg.a(lib_a-gdtoa-hexnan.o)
                0x00009974                __hexnan
 .text._isatty_r
                0x00009af8       0x24 c:/program files (x86)/cypress/psoc creator/4.0/psoc creator/import/gnu/arm/4.9.3/bin/../lib/gcc/arm-none-eabi/4.9.3/../../../../arm-none-eabi/lib/armv7-m\libg.a(lib_a-isattyr.o)
                0x00009af8                _isatty_r
 .text._lseek_r
                0x00009b1c       0x28 c:/program files (x86)/cypress/psoc creator/4.0/psoc creator/import/gnu/arm/4.9.3/bin/../lib/gcc/arm-none-eabi/4.9.3/../../../../arm-none-eabi/lib/armv7-m\libg.a(lib_a-lseekr.o)
                0x00009b1c                _lseek_r
 .text._read_r  0x00009b44       0x28 c:/program files (x86)/cypress/psoc creator/4.0/psoc creator/import/gnu/arm/4.9.3/bin/../lib/gcc/arm-none-eabi/4.9.3/../../../../arm-none-eabi/lib/armv7-m\libg.a(lib_a-readr.o)
                0x00009b44                _read_r
 .text.strncmp  0x00009b6c       0x94 c:/program files (x86)/cypress/psoc creator/4.0/psoc creator/import/gnu/arm/4.9.3/bin/../lib/gcc/arm-none-eabi/4.9.3/../../../../arm-none-eabi/lib/armv7-m\libg.a(lib_a-strncmp.o)
                0x00009b6c                strncmp
 .text.__ssprint_r
                0x00009c00      0x104 c:/program files (x86)/cypress/psoc creator/4.0/psoc creator/import/gnu/arm/4.9.3/bin/../lib/gcc/arm-none-eabi/4.9.3/../../../../arm-none-eabi/lib/armv7-m\libg.a(lib_a-svfiprintf.o)
                0x00009c00                __ssprint_r
 .text.__swbuf_r
                0x00009d04       0xa8 c:/program files (x86)/cypress/psoc creator/4.0/psoc creator/import/gnu/arm/4.9.3/bin/../lib/gcc/arm-none-eabi/4.9.3/../../../../arm-none-eabi/lib/armv7-m\libg.a(lib_a-wbuf.o)
                0x00009d04                __swbuf_r
 .text._wcrtomb_r
                0x00009dac       0x54 c:/program files (x86)/cypress/psoc creator/4.0/psoc creator/import/gnu/arm/4.9.3/bin/../lib/gcc/arm-none-eabi/4.9.3/../../../../arm-none-eabi/lib/armv7-m\libg.a(lib_a-wcrtomb.o)
                0x00009dac                _wcrtomb_r
 .text.__ascii_wctomb
                0x00009e00       0x1c c:/program files (x86)/cypress/psoc creator/4.0/psoc creator/import/gnu/arm/4.9.3/bin/../lib/gcc/arm-none-eabi/4.9.3/../../../../arm-none-eabi/lib/armv7-m\libg.a(lib_a-wctomb_r.o)
                0x00009e00                __ascii_wctomb
 .text          0x00009e1c      0x424 c:/program files (x86)/cypress/psoc creator/4.0/psoc creator/import/gnu/arm/4.9.3/bin/../lib/gcc/arm-none-eabi/4.9.3/armv7-m\libgcc.a(_arm_muldivdf3.o)
                0x00009e1c                __aeabi_dmul
                0x00009e1c                __muldf3
                0x0000a070                __divdf3
                0x0000a070                __aeabi_ddiv
 .text          0x0000a240      0x110 c:/program files (x86)/cypress/psoc creator/4.0/psoc creator/import/gnu/arm/4.9.3/bin/../lib/gcc/arm-none-eabi/4.9.3/armv7-m\libgcc.a(_arm_cmpdf2.o)
                0x0000a240                __gtdf2
                0x0000a240                __gedf2
                0x0000a248                __ltdf2
                0x0000a248                __ledf2
                0x0000a250                __nedf2
                0x0000a250                __eqdf2
                0x0000a250                __cmpdf2
                0x0000a2cc                __aeabi_cdrcmple
                0x0000a2dc                __aeabi_cdcmpeq
                0x0000a2dc                __aeabi_cdcmple
                0x0000a2ec                __aeabi_dcmpeq
                0x0000a300                __aeabi_dcmplt
                0x0000a314                __aeabi_dcmple
                0x0000a328                __aeabi_dcmpge
                0x0000a33c                __aeabi_dcmpgt
 .text          0x0000a350       0x50 c:/program files (x86)/cypress/psoc creator/4.0/psoc creator/import/gnu/arm/4.9.3/bin/../lib/gcc/arm-none-eabi/4.9.3/armv7-m\libgcc.a(_arm_fixdfsi.o)
                0x0000a350                __aeabi_d2iz
                0x0000a350                __fixdfsi
 .text          0x0000a3a0       0x40 c:/program files (x86)/cypress/psoc creator/4.0/psoc creator/import/gnu/arm/4.9.3/bin/../lib/gcc/arm-none-eabi/4.9.3/armv7-m\libgcc.a(_arm_fixunsdfsi.o)
                0x0000a3a0                __aeabi_d2uiz
                0x0000a3a0                __fixunsdfsi
 .text          0x0000a3e0       0xa0 c:/program files (x86)/cypress/psoc creator/4.0/psoc creator/import/gnu/arm/4.9.3/bin/../lib/gcc/arm-none-eabi/4.9.3/armv7-m\libgcc.a(_arm_truncdfsf2.o)
                0x0000a3e0                __truncdfsf2
                0x0000a3e0                __aeabi_d2f
 .text          0x0000a480       0x30 c:/program files (x86)/cypress/psoc creator/4.0/psoc creator/import/gnu/arm/4.9.3/bin/../lib/gcc/arm-none-eabi/4.9.3/armv7-m\libgcc.a(_aeabi_uldivmod.o)
                0x0000a480                __aeabi_uldivmod
 .text          0x0000a4b0       0x60 c:/program files (x86)/cypress/psoc creator/4.0/psoc creator/import/gnu/arm/4.9.3/bin/../lib/gcc/arm-none-eabi/4.9.3/armv7-m\libgcc.a(bpabi.o)
                0x0000a4b0                __gnu_ldivmod_helper
                0x0000a4e0                __gnu_uldivmod_helper
 .text          0x0000a510        0x4 c:/program files (x86)/cypress/psoc creator/4.0/psoc creator/import/gnu/arm/4.9.3/bin/../lib/gcc/arm-none-eabi/4.9.3/armv7-m\libgcc.a(_dvmd_tls.o)
                0x0000a510                __aeabi_idiv0
                0x0000a510                __aeabi_ldiv0
 .text          0x0000a514      0x2ac c:/program files (x86)/cypress/psoc creator/4.0/psoc creator/import/gnu/arm/4.9.3/bin/../lib/gcc/arm-none-eabi/4.9.3/armv7-m\libgcc.a(_divdi3.o)
                0x0000a514                __divdi3
 .text          0x0000a7c0      0x270 c:/program files (x86)/cypress/psoc creator/4.0/psoc creator/import/gnu/arm/4.9.3/bin/../lib/gcc/arm-none-eabi/4.9.3/armv7-m\libgcc.a(_udivdi3.o)
                0x0000a7c0                __udivdi3
 .text._close   0x0000aa30       0x10 c:/program files (x86)/cypress/psoc creator/4.0/psoc creator/import/gnu/arm/4.9.3/bin/../lib/gcc/arm-none-eabi/4.9.3/../../../../arm-none-eabi/lib/armv7-m\libnosys.a(close.o)
                0x0000aa30                _close
 .text._fstat   0x0000aa40       0x10 c:/program files (x86)/cypress/psoc creator/4.0/psoc creator/import/gnu/arm/4.9.3/bin/../lib/gcc/arm-none-eabi/4.9.3/../../../../arm-none-eabi/lib/armv7-m\libnosys.a(fstat.o)
                0x0000aa40                _fstat
 .text._isatty  0x0000aa50       0x10 c:/program files (x86)/cypress/psoc creator/4.0/psoc creator/import/gnu/arm/4.9.3/bin/../lib/gcc/arm-none-eabi/4.9.3/../../../../arm-none-eabi/lib/armv7-m\libnosys.a(isatty.o)
                0x0000aa50                _isatty
 .text._lseek   0x0000aa60       0x10 c:/program files (x86)/cypress/psoc creator/4.0/psoc creator/import/gnu/arm/4.9.3/bin/../lib/gcc/arm-none-eabi/4.9.3/../../../../arm-none-eabi/lib/armv7-m\libnosys.a(lseek.o)
                0x0000aa60                _lseek
 *(.plt)
 *(.gnu.warning)
 *(.glue_7t)
 .glue_7t       0x00000000        0x0 linker stubs
 *(.glue_7)
 .glue_7        0x00000000        0x0 linker stubs
 *(.vfp11_veneer)
 .vfp11_veneer  0x00000000        0x0 linker stubs
 *(.bootloader)
 *(.ARM.extab* .gnu.linkonce.armextab.*)
 *(.gcc_except_table)

.v4_bx          0x0000aa70        0x0
 .v4_bx         0x00000000        0x0 linker stubs

.iplt           0x0000aa70        0x0
 .iplt          0x00000000        0x0 c:/program files (x86)/cypress/psoc creator/4.0/psoc creator/import/gnu/arm/4.9.3/bin/../lib/gcc/arm-none-eabi/4.9.3/armv7-m/crtbegin.o

.eh_frame_hdr
 *(.eh_frame_hdr)

.eh_frame       0x0000aa70        0x4
 *(.eh_frame)
 .eh_frame      0x0000aa70        0x0 c:/program files (x86)/cypress/psoc creator/4.0/psoc creator/import/gnu/arm/4.9.3/bin/../lib/gcc/arm-none-eabi/4.9.3/armv7-m/crtbegin.o
 .eh_frame      0x0000aa70        0x0 c:/program files (x86)/cypress/psoc creator/4.0/psoc creator/import/gnu/arm/4.9.3/bin/../lib/gcc/arm-none-eabi/4.9.3/../../../../arm-none-eabi/lib/armv7-m\libg.a(lib_a-strcmp.o)
                                 0x38 (size before relaxing)
 .eh_frame      0x0000aa70        0x4 c:/program files (x86)/cypress/psoc creator/4.0/psoc creator/import/gnu/arm/4.9.3/bin/../lib/gcc/arm-none-eabi/4.9.3/armv7-m/crtend.o
                0x0000aa74                PROVIDE (__exidx_start, .)

.ARM.exidx      0x0000aa74        0x8
 *(.ARM.exidx* .gnu.linkonce.armexidx.*)
 .ARM.exidx     0x0000aa74        0x8 c:/program files (x86)/cypress/psoc creator/4.0/psoc creator/import/gnu/arm/4.9.3/bin/../lib/gcc/arm-none-eabi/4.9.3/armv7-m\libgcc.a(_divdi3.o)
 .ARM.exidx     0x0000aa7c        0x0 c:/program files (x86)/cypress/psoc creator/4.0/psoc creator/import/gnu/arm/4.9.3/bin/../lib/gcc/arm-none-eabi/4.9.3/armv7-m\libgcc.a(_udivdi3.o)
                                  0x8 (size before relaxing)
                0x0000aa7c                __exidx_end = .

.rodata         0x0000aa80      0x598
 *(.rodata .rodata.* .gnu.linkonce.r.*)
 .rodata.str1.4
                0x0000aa80       0xe3 .\CortexM3\ARM_GCC_493\Debug\main.o
                                 0xe4 (size before relaxing)
 *fill*         0x0000ab63        0x1 
 .rodata        0x0000ab64       0x44 .\CortexM3\ARM_GCC_493\Debug\Exercise3.a(cyfitter_cfg.o)
 .rodata.str1.4
                0x0000aba8        0x2 c:/program files (x86)/cypress/psoc creator/4.0/psoc creator/import/gnu/arm/4.9.3/bin/../lib/gcc/arm-none-eabi/4.9.3/../../../../arm-none-eabi/lib/armv7-m\libg.a(lib_a-impure.o)
                                  0x4 (size before relaxing)
 *fill*         0x0000abaa        0x2 
 .rodata._global_impure_ptr
                0x0000abac        0x4 c:/program files (x86)/cypress/psoc creator/4.0/psoc creator/import/gnu/arm/4.9.3/bin/../lib/gcc/arm-none-eabi/4.9.3/../../../../arm-none-eabi/lib/armv7-m\libg.a(lib_a-impure.o)
                0x0000abac                _global_impure_ptr
 .rodata.str1.4
                0x0000abb0        0x2 c:/program files (x86)/cypress/psoc creator/4.0/psoc creator/import/gnu/arm/4.9.3/bin/../lib/gcc/arm-none-eabi/4.9.3/../../../../arm-none-eabi/lib/armv7-m\libg.a(lib_a-puts.o)
                                  0x4 (size before relaxing)
 *fill*         0x0000abb2        0x2 
 .rodata.zeroes.6931
                0x0000abb4       0x10 c:/program files (x86)/cypress/psoc creator/4.0/psoc creator/import/gnu/arm/4.9.3/bin/../lib/gcc/arm-none-eabi/4.9.3/../../../../arm-none-eabi/lib/armv7-m\libg.a(lib_a-vfprintf.o)
 .rodata.str1.4
                0x0000abc4       0x42 c:/program files (x86)/cypress/psoc creator/4.0/psoc creator/import/gnu/arm/4.9.3/bin/../lib/gcc/arm-none-eabi/4.9.3/../../../../arm-none-eabi/lib/armv7-m\libg.a(lib_a-vfprintf.o)
                                 0x44 (size before relaxing)
 *fill*         0x0000ac06        0x2 
 .rodata.blanks.6930
                0x0000ac08       0x10 c:/program files (x86)/cypress/psoc creator/4.0/psoc creator/import/gnu/arm/4.9.3/bin/../lib/gcc/arm-none-eabi/4.9.3/../../../../arm-none-eabi/lib/armv7-m\libg.a(lib_a-vfprintf.o)
 .rodata.basefix.6886
                0x0000ac18       0x24 c:/program files (x86)/cypress/psoc creator/4.0/psoc creator/import/gnu/arm/4.9.3/bin/../lib/gcc/arm-none-eabi/4.9.3/../../../../arm-none-eabi/lib/armv7-m\libg.a(lib_a-vfscanf.o)
 .rodata.str1.4
                0x0000ac3c        0x5 c:/program files (x86)/cypress/psoc creator/4.0/psoc creator/import/gnu/arm/4.9.3/bin/../lib/gcc/arm-none-eabi/4.9.3/../../../../arm-none-eabi/lib/armv7-m\libg.a(lib_a-vfscanf.o)
                                  0x8 (size before relaxing)
 *fill*         0x0000ac41        0x3 
 .rodata._ctype_
                0x0000ac44      0x104 c:/program files (x86)/cypress/psoc creator/4.0/psoc creator/import/gnu/arm/4.9.3/bin/../lib/gcc/arm-none-eabi/4.9.3/../../../../arm-none-eabi/lib/armv7-m\libg.a(lib_a-ctype_.o)
                0x0000ac44                _ctype_
 .rodata.str1.4
                0x0000ad48       0x10 c:/program files (x86)/cypress/psoc creator/4.0/psoc creator/import/gnu/arm/4.9.3/bin/../lib/gcc/arm-none-eabi/4.9.3/../../../../arm-none-eabi/lib/armv7-m\libg.a(lib_a-dtoa.o)
                                 0x14 (size before relaxing)
 .rodata.str1.4
                0x0000ad58        0xa c:/program files (x86)/cypress/psoc creator/4.0/psoc creator/import/gnu/arm/4.9.3/bin/../lib/gcc/arm-none-eabi/4.9.3/../../../../arm-none-eabi/lib/armv7-m\libg.a(lib_a-locale.o)
                                 0x14 (size before relaxing)
 .rodata.str1.4
                0x00000000        0x4 c:/program files (x86)/cypress/psoc creator/4.0/psoc creator/import/gnu/arm/4.9.3/bin/../lib/gcc/arm-none-eabi/4.9.3/../../../../arm-none-eabi/lib/armv7-m\libg.a(lib_a-mbrtowc.o)
 *fill*         0x0000ad62        0x2 
 .rodata.p05.5296
                0x0000ad64        0xc c:/program files (x86)/cypress/psoc creator/4.0/psoc creator/import/gnu/arm/4.9.3/bin/../lib/gcc/arm-none-eabi/4.9.3/../../../../arm-none-eabi/lib/armv7-m\libg.a(lib_a-mprec.o)
 .rodata.__mprec_tens
                0x0000ad70       0xc8 c:/program files (x86)/cypress/psoc creator/4.0/psoc creator/import/gnu/arm/4.9.3/bin/../lib/gcc/arm-none-eabi/4.9.3/../../../../arm-none-eabi/lib/armv7-m\libg.a(lib_a-mprec.o)
                0x0000ad70                __mprec_tens
 .rodata.__mprec_bigtens
                0x0000ae38       0x28 c:/program files (x86)/cypress/psoc creator/4.0/psoc creator/import/gnu/arm/4.9.3/bin/../lib/gcc/arm-none-eabi/4.9.3/../../../../arm-none-eabi/lib/armv7-m\libg.a(lib_a-mprec.o)
                0x0000ae38                __mprec_bigtens
 .rodata.fpinan.5301
                0x0000ae60       0x14 c:/program files (x86)/cypress/psoc creator/4.0/psoc creator/import/gnu/arm/4.9.3/bin/../lib/gcc/arm-none-eabi/4.9.3/../../../../arm-none-eabi/lib/armv7-m\libg.a(lib_a-strtod.o)
 .rodata.str1.4
                0x0000ae74       0x10 c:/program files (x86)/cypress/psoc creator/4.0/psoc creator/import/gnu/arm/4.9.3/bin/../lib/gcc/arm-none-eabi/4.9.3/../../../../arm-none-eabi/lib/armv7-m\libg.a(lib_a-strtod.o)
 .rodata.fpi.5265
                0x0000ae84       0x14 c:/program files (x86)/cypress/psoc creator/4.0/psoc creator/import/gnu/arm/4.9.3/bin/../lib/gcc/arm-none-eabi/4.9.3/../../../../arm-none-eabi/lib/armv7-m\libg.a(lib_a-strtod.o)
 .rodata.tinytens
                0x0000ae98       0x28 c:/program files (x86)/cypress/psoc creator/4.0/psoc creator/import/gnu/arm/4.9.3/bin/../lib/gcc/arm-none-eabi/4.9.3/../../../../arm-none-eabi/lib/armv7-m\libg.a(lib_a-strtod.o)
 .rodata.zeroes.6916
                0x0000aec0       0x10 c:/program files (x86)/cypress/psoc creator/4.0/psoc creator/import/gnu/arm/4.9.3/bin/../lib/gcc/arm-none-eabi/4.9.3/../../../../arm-none-eabi/lib/armv7-m\libg.a(lib_a-svfprintf.o)
 .rodata.str1.4
                0x00000000       0x44 c:/program files (x86)/cypress/psoc creator/4.0/psoc creator/import/gnu/arm/4.9.3/bin/../lib/gcc/arm-none-eabi/4.9.3/../../../../arm-none-eabi/lib/armv7-m\libg.a(lib_a-svfprintf.o)
 .rodata.blanks.6915
                0x0000aed0       0x10 c:/program files (x86)/cypress/psoc creator/4.0/psoc creator/import/gnu/arm/4.9.3/bin/../lib/gcc/arm-none-eabi/4.9.3/../../../../arm-none-eabi/lib/armv7-m\libg.a(lib_a-svfprintf.o)
 .rodata.__hexdig
                0x0000aee0      0x100 c:/program files (x86)/cypress/psoc creator/4.0/psoc creator/import/gnu/arm/4.9.3/bin/../lib/gcc/arm-none-eabi/4.9.3/../../../../arm-none-eabi/lib/armv7-m\libg.a(lib_a-gdtoa-gethex.o)
                0x0000aee0                __hexdig
                0x0000afe0                . = ALIGN (0x4)
 *(.init)
 .init          0x0000afe0        0x4 c:/program files (x86)/cypress/psoc creator/4.0/psoc creator/import/gnu/arm/4.9.3/bin/../lib/gcc/arm-none-eabi/4.9.3/armv7-m/crti.o
                0x0000afe0                _init
 .init          0x0000afe4        0x8 c:/program files (x86)/cypress/psoc creator/4.0/psoc creator/import/gnu/arm/4.9.3/bin/../lib/gcc/arm-none-eabi/4.9.3/armv7-m/crtn.o
                0x0000afec                . = ALIGN (0x4)
                0x0000afec                __preinit_array_start = .
 *(.preinit_array)
                0x0000afec                __preinit_array_end = .
                0x0000afec                . = ALIGN (0x4)
                0x0000afec                __init_array_start = .
 *(SORT(.init_array.*))
 .init_array.00000
                0x0000afec        0x4 c:/program files (x86)/cypress/psoc creator/4.0/psoc creator/import/gnu/arm/4.9.3/bin/../lib/gcc/arm-none-eabi/4.9.3/../../../../arm-none-eabi/lib/armv7-m\libg.a(lib_a-__call_atexit.o)
 *(.init_array)
 .init_array    0x0000aff0        0x4 c:/program files (x86)/cypress/psoc creator/4.0/psoc creator/import/gnu/arm/4.9.3/bin/../lib/gcc/arm-none-eabi/4.9.3/armv7-m/crtbegin.o
 .init_array    0x0000aff4        0x4 .\CortexM3\ARM_GCC_493\Debug\Cm3Start.o
                0x0000aff8                __init_array_end = .
                0x0000aff8                . = ALIGN (0x4)
 *(.fini)
 .fini          0x0000aff8        0x4 c:/program files (x86)/cypress/psoc creator/4.0/psoc creator/import/gnu/arm/4.9.3/bin/../lib/gcc/arm-none-eabi/4.9.3/armv7-m/crti.o
                0x0000aff8                _fini
 .fini          0x0000affc        0x8 c:/program files (x86)/cypress/psoc creator/4.0/psoc creator/import/gnu/arm/4.9.3/bin/../lib/gcc/arm-none-eabi/4.9.3/armv7-m/crtn.o
                0x0000b004                . = ALIGN (0x4)
                0x0000b004                __fini_array_start = .
 *(.fini_array)
 .fini_array    0x0000b004        0x4 c:/program files (x86)/cypress/psoc creator/4.0/psoc creator/import/gnu/arm/4.9.3/bin/../lib/gcc/arm-none-eabi/4.9.3/armv7-m/crtbegin.o
 *(SORT(.fini_array.*))
                0x0000b008                __fini_array_end = .
                0x0000b008                . = ALIGN (0x4)
 *crtbegin.o(.ctors)
 *(EXCLUDE_FILE(*crtend.o) .ctors)
 *(SORT(.ctors.*))
 *crtend.o(.ctors)
                0x0000b008                . = ALIGN (0x4)
 *crtbegin.o(.dtors)
 *(EXCLUDE_FILE(*crtend.o) .dtors)
 *(SORT(.dtors.*))
 *crtend.o(.dtors)
                0x0000b008                . = ALIGN (0x4)
                0x0000b008                __cy_regions = .
                0x0000b008        0x4 LONG 0xb018 __cy_region_init_ram
                0x0000b00c        0x4 LONG 0x1fff8108 __cy_region_start_data
                0x0000b010        0x4 LONG 0x8b0 __cy_region_init_size_ram
                0x0000b014        0x4 LONG 0x58 __cy_region_zero_size_ram
                0x0000b018                __cy_regions_end = .
                0x0000b018                . = ALIGN (0x8)
                0x0000b018                _etext = .

.cy_checksum_exclude
                0x0000b018        0x0
 *(.cy_checksum_exclude)

.ramvectors     0x1fff8000      0x100
                0x1fff8000                __cy_region_start_ram = .
 *(.ramvectors)
 .ramvectors    0x1fff8000      0x100 .\CortexM3\ARM_GCC_493\Debug\Cm3Start.o
                0x1fff8000                CyRamVectors

.noinit         0x1fff8100        0x5
 *(.noinit)
 .noinit        0x1fff8100        0x4 .\CortexM3\ARM_GCC_493\Debug\Cm3Start.o
 .noinit        0x1fff8104        0x1 .\CortexM3\ARM_GCC_493\Debug\Exercise3.a(CyLib.o)
                0x1fff8104                CyResetStatus

.data           0x1fff8108      0x8b0 load address 0x0000b018
                0x1fff8108                __cy_region_start_data = .
 *(.jcr)
 .jcr           0x1fff8108        0x0 c:/program files (x86)/cypress/psoc creator/4.0/psoc creator/import/gnu/arm/4.9.3/bin/../lib/gcc/arm-none-eabi/4.9.3/armv7-m/crtbegin.o
 .jcr           0x1fff8108        0x4 c:/program files (x86)/cypress/psoc creator/4.0/psoc creator/import/gnu/arm/4.9.3/bin/../lib/gcc/arm-none-eabi/4.9.3/armv7-m/crtend.o
 *(.got.plt)
 *(.got)
 *(.shdata)
 *(.data .data.* .gnu.linkonce.d.*)
 .data          0x1fff810c        0x4 .\CortexM3\ARM_GCC_493\Debug\Cm3Start.o
 .data.impure_data
                0x1fff8110      0x428 c:/program files (x86)/cypress/psoc creator/4.0/psoc creator/import/gnu/arm/4.9.3/bin/../lib/gcc/arm-none-eabi/4.9.3/../../../../arm-none-eabi/lib/armv7-m\libg.a(lib_a-impure.o)
 .data._impure_ptr
                0x1fff8538        0x4 c:/program files (x86)/cypress/psoc creator/4.0/psoc creator/import/gnu/arm/4.9.3/bin/../lib/gcc/arm-none-eabi/4.9.3/../../../../arm-none-eabi/lib/armv7-m\libg.a(lib_a-impure.o)
                0x1fff8538                _impure_ptr
 .data.__ctype_ptr__
                0x1fff853c        0x4 c:/program files (x86)/cypress/psoc creator/4.0/psoc creator/import/gnu/arm/4.9.3/bin/../lib/gcc/arm-none-eabi/4.9.3/../../../../arm-none-eabi/lib/armv7-m\libg.a(lib_a-ctype_.o)
                0x1fff853c                __ctype_ptr__
 .data.lconv    0x1fff8540       0x38 c:/program files (x86)/cypress/psoc creator/4.0/psoc creator/import/gnu/arm/4.9.3/bin/../lib/gcc/arm-none-eabi/4.9.3/../../../../arm-none-eabi/lib/armv7-m\libg.a(lib_a-locale.o)
 .data.lc_ctype_charset
                0x1fff8578       0x20 c:/program files (x86)/cypress/psoc creator/4.0/psoc creator/import/gnu/arm/4.9.3/bin/../lib/gcc/arm-none-eabi/4.9.3/../../../../arm-none-eabi/lib/armv7-m\libg.a(lib_a-locale.o)
 .data.__mb_cur_max
                0x1fff8598        0x4 c:/program files (x86)/cypress/psoc creator/4.0/psoc creator/import/gnu/arm/4.9.3/bin/../lib/gcc/arm-none-eabi/4.9.3/../../../../arm-none-eabi/lib/armv7-m\libg.a(lib_a-locale.o)
                0x1fff8598                __mb_cur_max
 .data.__malloc_av_
                0x1fff859c      0x408 c:/program files (x86)/cypress/psoc creator/4.0/psoc creator/import/gnu/arm/4.9.3/bin/../lib/gcc/arm-none-eabi/4.9.3/../../../../arm-none-eabi/lib/armv7-m\libg.a(lib_a-mallocr.o)
                0x1fff859c                __malloc_av_
 .data.__malloc_trim_threshold
                0x1fff89a4        0x4 c:/program files (x86)/cypress/psoc creator/4.0/psoc creator/import/gnu/arm/4.9.3/bin/../lib/gcc/arm-none-eabi/4.9.3/../../../../arm-none-eabi/lib/armv7-m\libg.a(lib_a-mallocr.o)
                0x1fff89a4                __malloc_trim_threshold
 .data.__malloc_sbrk_base
                0x1fff89a8        0x4 c:/program files (x86)/cypress/psoc creator/4.0/psoc creator/import/gnu/arm/4.9.3/bin/../lib/gcc/arm-none-eabi/4.9.3/../../../../arm-none-eabi/lib/armv7-m\libg.a(lib_a-mallocr.o)
                0x1fff89a8                __malloc_sbrk_base
 .data.__mbtowc
                0x1fff89ac        0x4 c:/program files (x86)/cypress/psoc creator/4.0/psoc creator/import/gnu/arm/4.9.3/bin/../lib/gcc/arm-none-eabi/4.9.3/../../../../arm-none-eabi/lib/armv7-m\libg.a(lib_a-mbtowc_r.o)
                0x1fff89ac                __mbtowc
 .data.__wctomb
                0x1fff89b0        0x4 c:/program files (x86)/cypress/psoc creator/4.0/psoc creator/import/gnu/arm/4.9.3/bin/../lib/gcc/arm-none-eabi/4.9.3/../../../../arm-none-eabi/lib/armv7-m\libg.a(lib_a-wctomb_r.o)
                0x1fff89b0                __wctomb
                0x1fff89b8                . = ALIGN (0x8)
 *fill*         0x1fff89b4        0x4 
 *(.ram)
                0x1fff89b8                _edata = .

.igot.plt       0x1fff89b8        0x0 load address 0x0000b8c8
 .igot.plt      0x00000000        0x0 c:/program files (x86)/cypress/psoc creator/4.0/psoc creator/import/gnu/arm/4.9.3/bin/../lib/gcc/arm-none-eabi/4.9.3/armv7-m/crtbegin.o

.bss            0x1fff89b8       0x58 load address 0x0000b8c8
                0x1fff89b8                PROVIDE (__bss_start__, .)
 *(.shbss)
 *(.bss .bss.* .gnu.linkonce.b.*)
 .bss           0x1fff89b8       0x1c c:/program files (x86)/cypress/psoc creator/4.0/psoc creator/import/gnu/arm/4.9.3/bin/../lib/gcc/arm-none-eabi/4.9.3/armv7-m/crtbegin.o
 .bss           0x1fff89d4        0x2 .\CortexM3\ARM_GCC_493\Debug\Exercise3.a(UART_1.o)
                0x1fff89d4                UART_1_initVar
 *fill*         0x1fff89d6        0x2 
 .bss.__malloc_max_total_mem
                0x1fff89d8        0x4 c:/program files (x86)/cypress/psoc creator/4.0/psoc creator/import/gnu/arm/4.9.3/bin/../lib/gcc/arm-none-eabi/4.9.3/../../../../arm-none-eabi/lib/armv7-m\libg.a(lib_a-mallocr.o)
                0x1fff89d8                __malloc_max_total_mem
 .bss.__malloc_max_sbrked_mem
                0x1fff89dc        0x4 c:/program files (x86)/cypress/psoc creator/4.0/psoc creator/import/gnu/arm/4.9.3/bin/../lib/gcc/arm-none-eabi/4.9.3/../../../../arm-none-eabi/lib/armv7-m\libg.a(lib_a-mallocr.o)
                0x1fff89dc                __malloc_max_sbrked_mem
 .bss.__malloc_top_pad
                0x1fff89e0        0x4 c:/program files (x86)/cypress/psoc creator/4.0/psoc creator/import/gnu/arm/4.9.3/bin/../lib/gcc/arm-none-eabi/4.9.3/../../../../arm-none-eabi/lib/armv7-m\libg.a(lib_a-mallocr.o)
                0x1fff89e0                __malloc_top_pad
 .bss.__malloc_current_mallinfo
                0x1fff89e4       0x28 c:/program files (x86)/cypress/psoc creator/4.0/psoc creator/import/gnu/arm/4.9.3/bin/../lib/gcc/arm-none-eabi/4.9.3/../../../../arm-none-eabi/lib/armv7-m\libg.a(lib_a-mallocr.o)
                0x1fff89e4                __malloc_current_mallinfo
 *(COMMON)
 COMMON         0x1fff8a0c        0x4 c:/program files (x86)/cypress/psoc creator/4.0/psoc creator/import/gnu/arm/4.9.3/bin/../lib/gcc/arm-none-eabi/4.9.3/../../../../arm-none-eabi/lib/armv7-m\libg.a(lib_a-reent.o)
                0x1fff8a0c                errno
                0x1fff8a10                . = ALIGN (0x8)
 *(.ram.b)
                0x1fff8a10                _end = .
                0x1fff8a10                __end = .
                0x1fff8a10                PROVIDE (end, .)
                0x1fff8a10                PROVIDE (__bss_end__, .)
                0x0000b018                __cy_region_init_ram = LOADADDR (.data)
                0x000008b0                __cy_region_init_size_ram = (_edata - ADDR (.data))
                0x00000058                __cy_region_zero_size_ram = (_end - _edata)

.heap           0x1fff8a10      0x800 load address 0x0000b8c8
                0x1fff8a10                . = _end
                0x1fff9210                . = (. + 0x800)
 *fill*         0x1fff8a10      0x800 
                0x1fff9210                __cy_heap_limit = .

.stack          0x20007800      0x800
                0x20007800                __cy_stack_limit = .
                0x20008000                . = (. + 0x800)
 *fill*         0x20007800      0x800 
                0x00000001                ASSERT ((__cy_stack_limit >= __cy_heap_limit), region RAM overflowed with stack)
                0x00000000                cy_checksum_exclude_size = (CY_APPL_LOADABLE == 0x1)?SIZEOF (.cy_checksum_exclude):0x0
                0x00000001                ASSERT ((cy_checksum_exclude_size <= CY_CHECKSUM_EXCLUDE_SIZE), CY_BOOT: Section .cy_checksum_exclude size exceedes specified limit.)

.cyloadermeta
 *(.cyloadermeta)

.cyloadablemeta
 *(.cyloadablemeta)

.cyconfigecc    0x80000000      0x2e8
 *(.cyconfigecc)
 .cyconfigecc   0x80000000      0x2e8 .\CortexM3\ARM_GCC_493\Debug\cymetadata.o
                0x80000000                cy_meta_configecc

.cycustnvl      0x90000000        0x4
 *(.cycustnvl)
 .cycustnvl     0x90000000        0x4 .\CortexM3\ARM_GCC_493\Debug\cymetadata.o
                0x90000000                cy_meta_custnvl

.cywolatch      0x90100000        0x4
 *(.cywolatch)
 .cywolatch     0x90100000        0x4 .\CortexM3\ARM_GCC_493\Debug\cymetadata.o
                0x90100000                cy_meta_wonvl

.cyeeprom       0x90200000        0x0
 *(.cyeeprom)
                0x00000001                ASSERT ((. <= ((0x90200000 + ee_offset) + ee_size)), .cyeeprom data will not fit in EEPROM)

.cyflashprotect
                0x90400000      0x100
 *(.cyflashprotect)
 .cyflashprotect
                0x90400000      0x100 .\CortexM3\ARM_GCC_493\Debug\cymetadata.o
                0x90400000                cy_meta_flashprotect

.cymeta         0x90500000        0xc
 *(.cymeta)
 .cymeta        0x90500000        0xc .\CortexM3\ARM_GCC_493\Debug\cymetadata.o
                0x90500000                cy_metadata

.rel.dyn        0x0000b8c8        0x0 load address 0x9050000c
 .rel.iplt      0x00000000        0x0 c:/program files (x86)/cypress/psoc creator/4.0/psoc creator/import/gnu/arm/4.9.3/bin/../lib/gcc/arm-none-eabi/4.9.3/armv7-m/crtbegin.o

.stab           0x00000000       0x6c
 *(.stab)
 .stab          0x00000000       0x24 c:/program files (x86)/cypress/psoc creator/4.0/psoc creator/import/gnu/arm/4.9.3/bin/../lib/gcc/arm-none-eabi/4.9.3/../../../../arm-none-eabi/lib/armv7-m\libnosys.a(close.o)
 .stab          0x00000024       0x18 c:/program files (x86)/cypress/psoc creator/4.0/psoc creator/import/gnu/arm/4.9.3/bin/../lib/gcc/arm-none-eabi/4.9.3/../../../../arm-none-eabi/lib/armv7-m\libnosys.a(fstat.o)
                                 0x24 (size before relaxing)
 .stab          0x0000003c       0x18 c:/program files (x86)/cypress/psoc creator/4.0/psoc creator/import/gnu/arm/4.9.3/bin/../lib/gcc/arm-none-eabi/4.9.3/../../../../arm-none-eabi/lib/armv7-m\libnosys.a(isatty.o)
                                 0x24 (size before relaxing)
 .stab          0x00000054       0x18 c:/program files (x86)/cypress/psoc creator/4.0/psoc creator/import/gnu/arm/4.9.3/bin/../lib/gcc/arm-none-eabi/4.9.3/../../../../arm-none-eabi/lib/armv7-m\libnosys.a(lseek.o)
                                 0x24 (size before relaxing)

.stabstr        0x00000000       0xe3
 *(.stabstr)
 .stabstr       0x00000000       0xe3 c:/program files (x86)/cypress/psoc creator/4.0/psoc creator/import/gnu/arm/4.9.3/bin/../lib/gcc/arm-none-eabi/4.9.3/../../../../arm-none-eabi/lib/armv7-m\libnosys.a(close.o)

.debug
 *(.debug)

.line
 *(.line)

.debug_srcinfo
 *(.debug_srcinfo)

.debug_sfnames
 *(.debug_sfnames)

.debug_aranges  0x00000000      0x698
 *(.debug_aranges)
 .debug_aranges
                0x00000000       0x30 .\CortexM3\ARM_GCC_493\Debug\main.o
 .debug_aranges
                0x00000030       0x18 .\CortexM3\ARM_GCC_493\Debug\cymetadata.o
 .debug_aranges
                0x00000048       0x48 .\CortexM3\ARM_GCC_493\Debug\Cm3Start.o
 .debug_aranges
                0x00000090       0x58 .\CortexM3\ARM_GCC_493\Debug\Exercise3.a(cyfitter_cfg.o)
 .debug_aranges
                0x000000e8       0xf0 .\CortexM3\ARM_GCC_493\Debug\Exercise3.a(UART_1.o)
 .debug_aranges
                0x000001d8       0x70 .\CortexM3\ARM_GCC_493\Debug\Exercise3.a(UART_1_IntClock.o)
 .debug_aranges
                0x00000248      0x2a0 .\CortexM3\ARM_GCC_493\Debug\Exercise3.a(CyLib.o)
 .debug_aranges
                0x000004e8       0x98 .\CortexM3\ARM_GCC_493\Debug\Exercise3.a(cyPm.o)
 .debug_aranges
                0x00000580       0x20 .\CortexM3\ARM_GCC_493\Debug\Exercise3.a(CyBootAsmGnu.o)
 .debug_aranges
                0x000005a0       0x80 .\CortexM3\ARM_GCC_493\Debug\Exercise3.a(CyFlash.o)
 .debug_aranges
                0x00000620       0x78 .\CortexM3\ARM_GCC_493\Debug\Exercise3.a(CySpc.o)

.debug_pubnames
 *(.debug_pubnames)

.debug_info     0x00000000     0x3fa5
 *(.debug_info .gnu.linkonce.wi.*)
 .debug_info    0x00000000      0x34b .\CortexM3\ARM_GCC_493\Debug\main.o
 .debug_info    0x0000034b      0x13b .\CortexM3\ARM_GCC_493\Debug\cymetadata.o
 .debug_info    0x00000486      0x3b3 .\CortexM3\ARM_GCC_493\Debug\Cm3Start.o
 .debug_info    0x00000839      0x57a .\CortexM3\ARM_GCC_493\Debug\Exercise3.a(cyfitter_cfg.o)
 .debug_info    0x00000db3      0x603 .\CortexM3\ARM_GCC_493\Debug\Exercise3.a(UART_1.o)
 .debug_info    0x000013b6      0x283 .\CortexM3\ARM_GCC_493\Debug\Exercise3.a(UART_1_IntClock.o)
 .debug_info    0x00001639     0x1385 .\CortexM3\ARM_GCC_493\Debug\Exercise3.a(CyLib.o)
 .debug_info    0x000029be      0xa57 .\CortexM3\ARM_GCC_493\Debug\Exercise3.a(cyPm.o)
 .debug_info    0x00003415       0x9e .\CortexM3\ARM_GCC_493\Debug\Exercise3.a(CyBootAsmGnu.o)
 .debug_info    0x000034b3      0x608 .\CortexM3\ARM_GCC_493\Debug\Exercise3.a(CyFlash.o)
 .debug_info    0x00003abb      0x4ea .\CortexM3\ARM_GCC_493\Debug\Exercise3.a(CySpc.o)

.debug_abbrev   0x00000000     0x111c
 *(.debug_abbrev)
 .debug_abbrev  0x00000000      0x18d .\CortexM3\ARM_GCC_493\Debug\main.o
 .debug_abbrev  0x0000018d       0x66 .\CortexM3\ARM_GCC_493\Debug\cymetadata.o
 .debug_abbrev  0x000001f3      0x1f7 .\CortexM3\ARM_GCC_493\Debug\Cm3Start.o
 .debug_abbrev  0x000003ea      0x212 .\CortexM3\ARM_GCC_493\Debug\Exercise3.a(cyfitter_cfg.o)
 .debug_abbrev  0x000005fc      0x1a2 .\CortexM3\ARM_GCC_493\Debug\Exercise3.a(UART_1.o)
 .debug_abbrev  0x0000079e      0x139 .\CortexM3\ARM_GCC_493\Debug\Exercise3.a(UART_1_IntClock.o)
 .debug_abbrev  0x000008d7      0x296 .\CortexM3\ARM_GCC_493\Debug\Exercise3.a(CyLib.o)
 .debug_abbrev  0x00000b6d      0x1ed .\CortexM3\ARM_GCC_493\Debug\Exercise3.a(cyPm.o)
 .debug_abbrev  0x00000d5a       0x14 .\CortexM3\ARM_GCC_493\Debug\Exercise3.a(CyBootAsmGnu.o)
 .debug_abbrev  0x00000d6e      0x1ed .\CortexM3\ARM_GCC_493\Debug\Exercise3.a(CyFlash.o)
 .debug_abbrev  0x00000f5b      0x1c1 .\CortexM3\ARM_GCC_493\Debug\Exercise3.a(CySpc.o)

.debug_line     0x00000000     0x1abd
 *(.debug_line)
 .debug_line    0x00000000      0x1e2 .\CortexM3\ARM_GCC_493\Debug\main.o
 .debug_line    0x000001e2       0x51 .\CortexM3\ARM_GCC_493\Debug\cymetadata.o
 .debug_line    0x00000233      0x24f .\CortexM3\ARM_GCC_493\Debug\Cm3Start.o
 .debug_line    0x00000482      0x1f7 .\CortexM3\ARM_GCC_493\Debug\Exercise3.a(cyfitter_cfg.o)
 .debug_line    0x00000679      0x2c0 .\CortexM3\ARM_GCC_493\Debug\Exercise3.a(UART_1.o)
 .debug_line    0x00000939      0x17e .\CortexM3\ARM_GCC_493\Debug\Exercise3.a(UART_1_IntClock.o)
 .debug_line    0x00000ab7      0x816 .\CortexM3\ARM_GCC_493\Debug\Exercise3.a(CyLib.o)
 .debug_line    0x000012cd      0x364 .\CortexM3\ARM_GCC_493\Debug\Exercise3.a(cyPm.o)
 .debug_line    0x00001631       0x66 .\CortexM3\ARM_GCC_493\Debug\Exercise3.a(CyBootAsmGnu.o)
 .debug_line    0x00001697      0x1ea .\CortexM3\ARM_GCC_493\Debug\Exercise3.a(CyFlash.o)
 .debug_line    0x00001881      0x23c .\CortexM3\ARM_GCC_493\Debug\Exercise3.a(CySpc.o)

.debug_frame    0x00000000     0x2a24
 *(.debug_frame)
 .debug_frame   0x00000000       0x80 .\CortexM3\ARM_GCC_493\Debug\main.o
 .debug_frame   0x00000080       0xb8 .\CortexM3\ARM_GCC_493\Debug\Cm3Start.o
 .debug_frame   0x00000138       0xe4 .\CortexM3\ARM_GCC_493\Debug\Exercise3.a(cyfitter_cfg.o)
 .debug_frame   0x0000021c      0x250 .\CortexM3\ARM_GCC_493\Debug\Exercise3.a(UART_1.o)
 .debug_frame   0x0000046c       0xe0 .\CortexM3\ARM_GCC_493\Debug\Exercise3.a(UART_1_IntClock.o)
 .debug_frame   0x0000054c      0x738 .\CortexM3\ARM_GCC_493\Debug\Exercise3.a(CyLib.o)
 .debug_frame   0x00000c84      0x1f8 .\CortexM3\ARM_GCC_493\Debug\Exercise3.a(cyPm.o)
 .debug_frame   0x00000e7c      0x174 .\CortexM3\ARM_GCC_493\Debug\Exercise3.a(CyFlash.o)
 .debug_frame   0x00000ff0      0x160 .\CortexM3\ARM_GCC_493\Debug\Exercise3.a(CySpc.o)
 .debug_frame   0x00001150       0x20 c:/program files (x86)/cypress/psoc creator/4.0/psoc creator/import/gnu/arm/4.9.3/bin/../lib/gcc/arm-none-eabi/4.9.3/../../../../arm-none-eabi/lib/armv7-m\libg.a(lib_a-errno.o)
 .debug_frame   0x00001170       0x28 c:/program files (x86)/cypress/psoc creator/4.0/psoc creator/import/gnu/arm/4.9.3/bin/../lib/gcc/arm-none-eabi/4.9.3/../../../../arm-none-eabi/lib/armv7-m\libg.a(lib_a-exit.o)
 .debug_frame   0x00001198       0x2c c:/program files (x86)/cypress/psoc creator/4.0/psoc creator/import/gnu/arm/4.9.3/bin/../lib/gcc/arm-none-eabi/4.9.3/../../../../arm-none-eabi/lib/armv7-m\libg.a(lib_a-init.o)
 .debug_frame   0x000011c4       0x34 c:/program files (x86)/cypress/psoc creator/4.0/psoc creator/import/gnu/arm/4.9.3/bin/../lib/gcc/arm-none-eabi/4.9.3/../../../../arm-none-eabi/lib/armv7-m\libg.a(lib_a-memset.o)
 .debug_frame   0x000011f8       0x78 c:/program files (x86)/cypress/psoc creator/4.0/psoc creator/import/gnu/arm/4.9.3/bin/../lib/gcc/arm-none-eabi/4.9.3/../../../../arm-none-eabi/lib/armv7-m\libg.a(lib_a-printf.o)
 .debug_frame   0x00001270       0x44 c:/program files (x86)/cypress/psoc creator/4.0/psoc creator/import/gnu/arm/4.9.3/bin/../lib/gcc/arm-none-eabi/4.9.3/../../../../arm-none-eabi/lib/armv7-m\libg.a(lib_a-puts.o)
 .debug_frame   0x000012b4       0x78 c:/program files (x86)/cypress/psoc creator/4.0/psoc creator/import/gnu/arm/4.9.3/bin/../lib/gcc/arm-none-eabi/4.9.3/../../../../arm-none-eabi/lib/armv7-m\libg.a(lib_a-scanf.o)
 .debug_frame   0x0000132c       0x20 c:/program files (x86)/cypress/psoc creator/4.0/psoc creator/import/gnu/arm/4.9.3/bin/../lib/gcc/arm-none-eabi/4.9.3/../../../../arm-none-eabi/lib/armv7-m\libg.a(lib_a-strlen.o)
 .debug_frame   0x0000134c       0x90 c:/program files (x86)/cypress/psoc creator/4.0/psoc creator/import/gnu/arm/4.9.3/bin/../lib/gcc/arm-none-eabi/4.9.3/../../../../arm-none-eabi/lib/armv7-m\libg.a(lib_a-vfprintf.o)
 .debug_frame   0x000013dc       0xbc c:/program files (x86)/cypress/psoc creator/4.0/psoc creator/import/gnu/arm/4.9.3/bin/../lib/gcc/arm-none-eabi/4.9.3/../../../../arm-none-eabi/lib/armv7-m\libg.a(lib_a-vfscanf.o)
 .debug_frame   0x00001498       0x2c c:/program files (x86)/cypress/psoc creator/4.0/psoc creator/import/gnu/arm/4.9.3/bin/../lib/gcc/arm-none-eabi/4.9.3/../../../../arm-none-eabi/lib/armv7-m\libg.a(lib_a-wsetup.o)
 .debug_frame   0x000014c4       0x50 c:/program files (x86)/cypress/psoc creator/4.0/psoc creator/import/gnu/arm/4.9.3/bin/../lib/gcc/arm-none-eabi/4.9.3/../../../../arm-none-eabi/lib/armv7-m\libg.a(lib_a-__call_atexit.o)
 .debug_frame   0x00001514       0x20 c:/program files (x86)/cypress/psoc creator/4.0/psoc creator/import/gnu/arm/4.9.3/bin/../lib/gcc/arm-none-eabi/4.9.3/../../../../arm-none-eabi/lib/armv7-m\libg.a(lib_a-atexit.o)
 .debug_frame   0x00001534       0x84 c:/program files (x86)/cypress/psoc creator/4.0/psoc creator/import/gnu/arm/4.9.3/bin/../lib/gcc/arm-none-eabi/4.9.3/../../../../arm-none-eabi/lib/armv7-m\libg.a(lib_a-dtoa.o)
 .debug_frame   0x000015b8       0x6c c:/program files (x86)/cypress/psoc creator/4.0/psoc creator/import/gnu/arm/4.9.3/bin/../lib/gcc/arm-none-eabi/4.9.3/../../../../arm-none-eabi/lib/armv7-m\libg.a(lib_a-fflush.o)
 .debug_frame   0x00001624      0x124 c:/program files (x86)/cypress/psoc creator/4.0/psoc creator/import/gnu/arm/4.9.3/bin/../lib/gcc/arm-none-eabi/4.9.3/../../../../arm-none-eabi/lib/armv7-m\libg.a(lib_a-findfp.o)
 .debug_frame   0x00001748       0x34 c:/program files (x86)/cypress/psoc creator/4.0/psoc creator/import/gnu/arm/4.9.3/bin/../lib/gcc/arm-none-eabi/4.9.3/../../../../arm-none-eabi/lib/armv7-m\libg.a(lib_a-fini.o)
 .debug_frame   0x0000177c       0x70 c:/program files (x86)/cypress/psoc creator/4.0/psoc creator/import/gnu/arm/4.9.3/bin/../lib/gcc/arm-none-eabi/4.9.3/../../../../arm-none-eabi/lib/armv7-m\libg.a(lib_a-fread.o)
 .debug_frame   0x000017ec       0x74 c:/program files (x86)/cypress/psoc creator/4.0/psoc creator/import/gnu/arm/4.9.3/bin/../lib/gcc/arm-none-eabi/4.9.3/../../../../arm-none-eabi/lib/armv7-m\libg.a(lib_a-freer.o)
 .debug_frame   0x00001860       0x68 c:/program files (x86)/cypress/psoc creator/4.0/psoc creator/import/gnu/arm/4.9.3/bin/../lib/gcc/arm-none-eabi/4.9.3/../../../../arm-none-eabi/lib/armv7-m\libg.a(lib_a-fvwrite.o)
 .debug_frame   0x000018c8       0x54 c:/program files (x86)/cypress/psoc creator/4.0/psoc creator/import/gnu/arm/4.9.3/bin/../lib/gcc/arm-none-eabi/4.9.3/../../../../arm-none-eabi/lib/armv7-m\libg.a(lib_a-fwalk.o)
 .debug_frame   0x0000191c       0x20 c:/program files (x86)/cypress/psoc creator/4.0/psoc creator/import/gnu/arm/4.9.3/bin/../lib/gcc/arm-none-eabi/4.9.3/../../../../arm-none-eabi/lib/armv7-m\libg.a(lib_a-iswspace.o)
 .debug_frame   0x0000193c       0x9c c:/program files (x86)/cypress/psoc creator/4.0/psoc creator/import/gnu/arm/4.9.3/bin/../lib/gcc/arm-none-eabi/4.9.3/../../../../arm-none-eabi/lib/armv7-m\libg.a(lib_a-locale.o)
 .debug_frame   0x000019d8       0x48 c:/program files (x86)/cypress/psoc creator/4.0/psoc creator/import/gnu/arm/4.9.3/bin/../lib/gcc/arm-none-eabi/4.9.3/../../../../arm-none-eabi/lib/armv7-m\libg.a(lib_a-makebuf.o)
 .debug_frame   0x00001a20       0x54 c:/program files (x86)/cypress/psoc creator/4.0/psoc creator/import/gnu/arm/4.9.3/bin/../lib/gcc/arm-none-eabi/4.9.3/../../../../arm-none-eabi/lib/armv7-m\libg.a(lib_a-mallocr.o)
 .debug_frame   0x00001a74       0x68 c:/program files (x86)/cypress/psoc creator/4.0/psoc creator/import/gnu/arm/4.9.3/bin/../lib/gcc/arm-none-eabi/4.9.3/../../../../arm-none-eabi/lib/armv7-m\libg.a(lib_a-mbrtowc.o)
 .debug_frame   0x00001adc       0x58 c:/program files (x86)/cypress/psoc creator/4.0/psoc creator/import/gnu/arm/4.9.3/bin/../lib/gcc/arm-none-eabi/4.9.3/../../../../arm-none-eabi/lib/armv7-m\libg.a(lib_a-mbtowc_r.o)
 .debug_frame   0x00001b34       0x3c c:/program files (x86)/cypress/psoc creator/4.0/psoc creator/import/gnu/arm/4.9.3/bin/../lib/gcc/arm-none-eabi/4.9.3/../../../../arm-none-eabi/lib/armv7-m\libg.a(lib_a-memchr.o)
 .debug_frame   0x00001b70       0x30 c:/program files (x86)/cypress/psoc creator/4.0/psoc creator/import/gnu/arm/4.9.3/bin/../lib/gcc/arm-none-eabi/4.9.3/../../../../arm-none-eabi/lib/armv7-m\libg.a(lib_a-memmove.o)
 .debug_frame   0x00001ba0       0x30 c:/program files (x86)/cypress/psoc creator/4.0/psoc creator/import/gnu/arm/4.9.3/bin/../lib/gcc/arm-none-eabi/4.9.3/../../../../arm-none-eabi/lib/armv7-m\libg.a(lib_a-mlock.o)
 .debug_frame   0x00001bd0      0x268 c:/program files (x86)/cypress/psoc creator/4.0/psoc creator/import/gnu/arm/4.9.3/bin/../lib/gcc/arm-none-eabi/4.9.3/../../../../arm-none-eabi/lib/armv7-m\libg.a(lib_a-mprec.o)
 .debug_frame   0x00001e38       0x58 c:/program files (x86)/cypress/psoc creator/4.0/psoc creator/import/gnu/arm/4.9.3/bin/../lib/gcc/arm-none-eabi/4.9.3/../../../../arm-none-eabi/lib/armv7-m\libg.a(lib_a-reallocr.o)
 .debug_frame   0x00001e90       0x40 c:/program files (x86)/cypress/psoc creator/4.0/psoc creator/import/gnu/arm/4.9.3/bin/../lib/gcc/arm-none-eabi/4.9.3/../../../../arm-none-eabi/lib/armv7-m\libg.a(lib_a-refill.o)
 .debug_frame   0x00001ed0       0x34 c:/program files (x86)/cypress/psoc creator/4.0/psoc creator/import/gnu/arm/4.9.3/bin/../lib/gcc/arm-none-eabi/4.9.3/../../../../arm-none-eabi/lib/armv7-m\libg.a(lib_a-s_fpclassify.o)
 .debug_frame   0x00001f04       0x2c c:/program files (x86)/cypress/psoc creator/4.0/psoc creator/import/gnu/arm/4.9.3/bin/../lib/gcc/arm-none-eabi/4.9.3/../../../../arm-none-eabi/lib/armv7-m\libg.a(lib_a-sbrkr.o)
 .debug_frame   0x00001f30       0x44 c:/program files (x86)/cypress/psoc creator/4.0/psoc creator/import/gnu/arm/4.9.3/bin/../lib/gcc/arm-none-eabi/4.9.3/../../../../arm-none-eabi/lib/armv7-m\libg.a(lib_a-sccl.o)
 .debug_frame   0x00001f74       0x20 c:/program files (x86)/cypress/psoc creator/4.0/psoc creator/import/gnu/arm/4.9.3/bin/../lib/gcc/arm-none-eabi/4.9.3/../../../../arm-none-eabi/lib/armv7-m\libg.a(lib_a-sf_nan.o)
 .debug_frame   0x00001f94       0x84 c:/program files (x86)/cypress/psoc creator/4.0/psoc creator/import/gnu/arm/4.9.3/bin/../lib/gcc/arm-none-eabi/4.9.3/../../../../arm-none-eabi/lib/armv7-m\libg.a(lib_a-sprintf.o)
 .debug_frame   0x00002018       0x88 c:/program files (x86)/cypress/psoc creator/4.0/psoc creator/import/gnu/arm/4.9.3/bin/../lib/gcc/arm-none-eabi/4.9.3/../../../../arm-none-eabi/lib/armv7-m\libg.a(lib_a-stdio.o)
 .debug_frame   0x000020a0       0x94 c:/program files (x86)/cypress/psoc creator/4.0/psoc creator/import/gnu/arm/4.9.3/bin/../lib/gcc/arm-none-eabi/4.9.3/../../../../arm-none-eabi/lib/armv7-m\libg.a(lib_a-strtod.o)
 .debug_frame   0x00002134       0x54 c:/program files (x86)/cypress/psoc creator/4.0/psoc creator/import/gnu/arm/4.9.3/bin/../lib/gcc/arm-none-eabi/4.9.3/../../../../arm-none-eabi/lib/armv7-m\libg.a(lib_a-strtol.o)
 .debug_frame   0x00002188       0x40 c:/program files (x86)/cypress/psoc creator/4.0/psoc creator/import/gnu/arm/4.9.3/bin/../lib/gcc/arm-none-eabi/4.9.3/../../../../arm-none-eabi/lib/armv7-m\libg.a(lib_a-strtoll_r.o)
 .debug_frame   0x000021c8       0x54 c:/program files (x86)/cypress/psoc creator/4.0/psoc creator/import/gnu/arm/4.9.3/bin/../lib/gcc/arm-none-eabi/4.9.3/../../../../arm-none-eabi/lib/armv7-m\libg.a(lib_a-strtoul.o)
 .debug_frame   0x0000221c       0x40 c:/program files (x86)/cypress/psoc creator/4.0/psoc creator/import/gnu/arm/4.9.3/bin/../lib/gcc/arm-none-eabi/4.9.3/../../../../arm-none-eabi/lib/armv7-m\libg.a(lib_a-strtoull_r.o)
 .debug_frame   0x0000225c       0x40 c:/program files (x86)/cypress/psoc creator/4.0/psoc creator/import/gnu/arm/4.9.3/bin/../lib/gcc/arm-none-eabi/4.9.3/../../../../arm-none-eabi/lib/armv7-m\libg.a(lib_a-svfprintf.o)
 .debug_frame   0x0000229c       0x60 c:/program files (x86)/cypress/psoc creator/4.0/psoc creator/import/gnu/arm/4.9.3/bin/../lib/gcc/arm-none-eabi/4.9.3/../../../../arm-none-eabi/lib/armv7-m\libg.a(lib_a-ungetc.o)
 .debug_frame   0x000022fc       0xd8 c:/program files (x86)/cypress/psoc creator/4.0/psoc creator/import/gnu/arm/4.9.3/bin/../lib/gcc/arm-none-eabi/4.9.3/../../../../arm-none-eabi/lib/armv7-m\libg.a(lib_a-vfiprintf.o)
 .debug_frame   0x000023d4       0x2c c:/program files (x86)/cypress/psoc creator/4.0/psoc creator/import/gnu/arm/4.9.3/bin/../lib/gcc/arm-none-eabi/4.9.3/../../../../arm-none-eabi/lib/armv7-m\libg.a(lib_a-writer.o)
 .debug_frame   0x00002400       0x34 c:/program files (x86)/cypress/psoc creator/4.0/psoc creator/import/gnu/arm/4.9.3/bin/../lib/gcc/arm-none-eabi/4.9.3/../../../../arm-none-eabi/lib/armv7-m\libg.a(lib_a-__atexit.o)
 .debug_frame   0x00002434       0x28 c:/program files (x86)/cypress/psoc creator/4.0/psoc creator/import/gnu/arm/4.9.3/bin/../lib/gcc/arm-none-eabi/4.9.3/../../../../arm-none-eabi/lib/armv7-m\libg.a(lib_a-callocr.o)
 .debug_frame   0x0000245c       0x2c c:/program files (x86)/cypress/psoc creator/4.0/psoc creator/import/gnu/arm/4.9.3/bin/../lib/gcc/arm-none-eabi/4.9.3/../../../../arm-none-eabi/lib/armv7-m\libg.a(lib_a-closer.o)
 .debug_frame   0x00002488       0x44 c:/program files (x86)/cypress/psoc creator/4.0/psoc creator/import/gnu/arm/4.9.3/bin/../lib/gcc/arm-none-eabi/4.9.3/../../../../arm-none-eabi/lib/armv7-m\libg.a(lib_a-fclose.o)
 .debug_frame   0x000024cc       0x84 c:/program files (x86)/cypress/psoc creator/4.0/psoc creator/import/gnu/arm/4.9.3/bin/../lib/gcc/arm-none-eabi/4.9.3/../../../../arm-none-eabi/lib/armv7-m\libg.a(lib_a-fputwc.o)
 .debug_frame   0x00002550       0x2c c:/program files (x86)/cypress/psoc creator/4.0/psoc creator/import/gnu/arm/4.9.3/bin/../lib/gcc/arm-none-eabi/4.9.3/../../../../arm-none-eabi/lib/armv7-m\libg.a(lib_a-fstatr.o)
 .debug_frame   0x0000257c       0x6c c:/program files (x86)/cypress/psoc creator/4.0/psoc creator/import/gnu/arm/4.9.3/bin/../lib/gcc/arm-none-eabi/4.9.3/../../../../arm-none-eabi/lib/armv7-m\libg.a(lib_a-gdtoa-gethex.o)
 .debug_frame   0x000025e8       0x4c c:/program files (x86)/cypress/psoc creator/4.0/psoc creator/import/gnu/arm/4.9.3/bin/../lib/gcc/arm-none-eabi/4.9.3/../../../../arm-none-eabi/lib/armv7-m\libg.a(lib_a-gdtoa-hexnan.o)
 .debug_frame   0x00002634       0x2c c:/program files (x86)/cypress/psoc creator/4.0/psoc creator/import/gnu/arm/4.9.3/bin/../lib/gcc/arm-none-eabi/4.9.3/../../../../arm-none-eabi/lib/armv7-m\libg.a(lib_a-isattyr.o)
 .debug_frame   0x00002660       0x2c c:/program files (x86)/cypress/psoc creator/4.0/psoc creator/import/gnu/arm/4.9.3/bin/../lib/gcc/arm-none-eabi/4.9.3/../../../../arm-none-eabi/lib/armv7-m\libg.a(lib_a-lseekr.o)
 .debug_frame   0x0000268c       0x2c c:/program files (x86)/cypress/psoc creator/4.0/psoc creator/import/gnu/arm/4.9.3/bin/../lib/gcc/arm-none-eabi/4.9.3/../../../../arm-none-eabi/lib/armv7-m\libg.a(lib_a-readr.o)
 .debug_frame   0x000026b8       0x58 c:/program files (x86)/cypress/psoc creator/4.0/psoc creator/import/gnu/arm/4.9.3/bin/../lib/gcc/arm-none-eabi/4.9.3/../../../../arm-none-eabi/lib/armv7-m\libg.a(lib_a-reent.o)
 .debug_frame   0x00002710       0x54 c:/program files (x86)/cypress/psoc creator/4.0/psoc creator/import/gnu/arm/4.9.3/bin/../lib/gcc/arm-none-eabi/4.9.3/../../../../arm-none-eabi/lib/armv7-m\libg.a(lib_a-strncmp.o)
 .debug_frame   0x00002764       0x78 c:/program files (x86)/cypress/psoc creator/4.0/psoc creator/import/gnu/arm/4.9.3/bin/../lib/gcc/arm-none-eabi/4.9.3/../../../../arm-none-eabi/lib/armv7-m\libg.a(lib_a-svfiprintf.o)
 .debug_frame   0x000027dc       0x3c c:/program files (x86)/cypress/psoc creator/4.0/psoc creator/import/gnu/arm/4.9.3/bin/../lib/gcc/arm-none-eabi/4.9.3/../../../../arm-none-eabi/lib/armv7-m\libg.a(lib_a-wbuf.o)
 .debug_frame   0x00002818       0x60 c:/program files (x86)/cypress/psoc creator/4.0/psoc creator/import/gnu/arm/4.9.3/bin/../lib/gcc/arm-none-eabi/4.9.3/../../../../arm-none-eabi/lib/armv7-m\libg.a(lib_a-wcrtomb.o)
 .debug_frame   0x00002878       0x48 c:/program files (x86)/cypress/psoc creator/4.0/psoc creator/import/gnu/arm/4.9.3/bin/../lib/gcc/arm-none-eabi/4.9.3/../../../../arm-none-eabi/lib/armv7-m\libg.a(lib_a-wctomb_r.o)
 .debug_frame   0x000028c0       0x28 c:/program files (x86)/cypress/psoc creator/4.0/psoc creator/import/gnu/arm/4.9.3/bin/../lib/gcc/arm-none-eabi/4.9.3/armv7-m\libgcc.a(_aeabi_uldivmod.o)
 .debug_frame   0x000028e8       0x54 c:/program files (x86)/cypress/psoc creator/4.0/psoc creator/import/gnu/arm/4.9.3/bin/../lib/gcc/arm-none-eabi/4.9.3/armv7-m\libgcc.a(bpabi.o)
 .debug_frame   0x0000293c       0x34 c:/program files (x86)/cypress/psoc creator/4.0/psoc creator/import/gnu/arm/4.9.3/bin/../lib/gcc/arm-none-eabi/4.9.3/armv7-m\libgcc.a(_divdi3.o)
 .debug_frame   0x00002970       0x34 c:/program files (x86)/cypress/psoc creator/4.0/psoc creator/import/gnu/arm/4.9.3/bin/../lib/gcc/arm-none-eabi/4.9.3/armv7-m\libgcc.a(_udivdi3.o)
 .debug_frame   0x000029a4       0x20 c:/program files (x86)/cypress/psoc creator/4.0/psoc creator/import/gnu/arm/4.9.3/bin/../lib/gcc/arm-none-eabi/4.9.3/../../../../arm-none-eabi/lib/armv7-m\libnosys.a(close.o)
 .debug_frame   0x000029c4       0x20 c:/program files (x86)/cypress/psoc creator/4.0/psoc creator/import/gnu/arm/4.9.3/bin/../lib/gcc/arm-none-eabi/4.9.3/../../../../arm-none-eabi/lib/armv7-m\libnosys.a(fstat.o)
 .debug_frame   0x000029e4       0x20 c:/program files (x86)/cypress/psoc creator/4.0/psoc creator/import/gnu/arm/4.9.3/bin/../lib/gcc/arm-none-eabi/4.9.3/../../../../arm-none-eabi/lib/armv7-m\libnosys.a(isatty.o)
 .debug_frame   0x00002a04       0x20 c:/program files (x86)/cypress/psoc creator/4.0/psoc creator/import/gnu/arm/4.9.3/bin/../lib/gcc/arm-none-eabi/4.9.3/../../../../arm-none-eabi/lib/armv7-m\libnosys.a(lseek.o)

.debug_str      0x00000000     0x179a
 *(.debug_str)
 .debug_str     0x00000000      0x1eb .\CortexM3\ARM_GCC_493\Debug\main.o
                                0x231 (size before relaxing)
 .debug_str     0x000001eb       0x75 .\CortexM3\ARM_GCC_493\Debug\cymetadata.o
                                0x1f8 (size before relaxing)
 .debug_str     0x00000260      0x164 .\CortexM3\ARM_GCC_493\Debug\Cm3Start.o
                                0x30c (size before relaxing)
 .debug_str     0x000003c4      0x190 .\CortexM3\ARM_GCC_493\Debug\Exercise3.a(cyfitter_cfg.o)
                                0x346 (size before relaxing)
 .debug_str     0x00000554      0x2e7 .\CortexM3\ARM_GCC_493\Debug\Exercise3.a(UART_1.o)
                                0x4b5 (size before relaxing)
 .debug_str     0x0000083b      0x19d .\CortexM3\ARM_GCC_493\Debug\Exercise3.a(UART_1_IntClock.o)
                                0x35c (size before relaxing)
 .debug_str     0x000009d8      0x821 .\CortexM3\ARM_GCC_493\Debug\Exercise3.a(CyLib.o)
                                0xa49 (size before relaxing)
 .debug_str     0x000011f9      0x359 .\CortexM3\ARM_GCC_493\Debug\Exercise3.a(cyPm.o)
                                0x729 (size before relaxing)
 .debug_str     0x00001552      0x19c .\CortexM3\ARM_GCC_493\Debug\Exercise3.a(CyFlash.o)
                                0x3a3 (size before relaxing)
 .debug_str     0x000016ee       0xac .\CortexM3\ARM_GCC_493\Debug\Exercise3.a(CySpc.o)
                                0x32c (size before relaxing)

.debug_loc      0x00000000     0x1dd8
 *(.debug_loc)
 .debug_loc     0x00000000      0x174 .\CortexM3\ARM_GCC_493\Debug\main.o
 .debug_loc     0x00000174      0x144 .\CortexM3\ARM_GCC_493\Debug\Cm3Start.o
 .debug_loc     0x000002b8      0x25a .\CortexM3\ARM_GCC_493\Debug\Exercise3.a(cyfitter_cfg.o)
 .debug_loc     0x00000512      0x258 .\CortexM3\ARM_GCC_493\Debug\Exercise3.a(UART_1.o)
 .debug_loc     0x0000076a      0x12c .\CortexM3\ARM_GCC_493\Debug\Exercise3.a(UART_1_IntClock.o)
 .debug_loc     0x00000896      0xa11 .\CortexM3\ARM_GCC_493\Debug\Exercise3.a(CyLib.o)
 .debug_loc     0x000012a7      0x1e4 .\CortexM3\ARM_GCC_493\Debug\Exercise3.a(cyPm.o)
 .debug_loc     0x0000148b      0x300 .\CortexM3\ARM_GCC_493\Debug\Exercise3.a(CyFlash.o)
 .debug_loc     0x0000178b      0x64d .\CortexM3\ARM_GCC_493\Debug\Exercise3.a(CySpc.o)

.debug_macinfo
 *(.debug_macinfo)

.debug_ranges   0x00000000      0x5d0
 *(.debug_ranges)
 .debug_ranges  0x00000000       0x20 .\CortexM3\ARM_GCC_493\Debug\main.o
 .debug_ranges  0x00000020       0x38 .\CortexM3\ARM_GCC_493\Debug\Cm3Start.o
 .debug_ranges  0x00000058       0x48 .\CortexM3\ARM_GCC_493\Debug\Exercise3.a(cyfitter_cfg.o)
 .debug_ranges  0x000000a0       0xe0 .\CortexM3\ARM_GCC_493\Debug\Exercise3.a(UART_1.o)
 .debug_ranges  0x00000180       0x60 .\CortexM3\ARM_GCC_493\Debug\Exercise3.a(UART_1_IntClock.o)
 .debug_ranges  0x000001e0      0x290 .\CortexM3\ARM_GCC_493\Debug\Exercise3.a(CyLib.o)
 .debug_ranges  0x00000470       0x88 .\CortexM3\ARM_GCC_493\Debug\Exercise3.a(cyPm.o)
 .debug_ranges  0x000004f8       0x70 .\CortexM3\ARM_GCC_493\Debug\Exercise3.a(CyFlash.o)
 .debug_ranges  0x00000568       0x68 .\CortexM3\ARM_GCC_493\Debug\Exercise3.a(CySpc.o)

.comment        0x00000000       0x70
 .comment       0x00000000       0x70 .\CortexM3\ARM_GCC_493\Debug\main.o
                                 0x71 (size before relaxing)
 .comment       0x00000000       0x71 .\CortexM3\ARM_GCC_493\Debug\cymetadata.o
 .comment       0x00000000       0x71 .\CortexM3\ARM_GCC_493\Debug\Cm3Start.o
 .comment       0x00000000       0x71 .\CortexM3\ARM_GCC_493\Debug\Exercise3.a(cyfitter_cfg.o)
 .comment       0x00000000       0x71 .\CortexM3\ARM_GCC_493\Debug\Exercise3.a(UART_1.o)
 .comment       0x00000000       0x71 .\CortexM3\ARM_GCC_493\Debug\Exercise3.a(UART_1_IntClock.o)
 .comment       0x00000000       0x71 .\CortexM3\ARM_GCC_493\Debug\Exercise3.a(CyLib.o)
 .comment       0x00000000       0x71 .\CortexM3\ARM_GCC_493\Debug\Exercise3.a(cyPm.o)
 .comment       0x00000000       0x71 .\CortexM3\ARM_GCC_493\Debug\Exercise3.a(CyFlash.o)
 .comment       0x00000000       0x71 .\CortexM3\ARM_GCC_493\Debug\Exercise3.a(CySpc.o)

.debug_weaknames
 *(.debug_weaknames)

.debug_funcnames
 *(.debug_funcnames)

.debug_typenames
 *(.debug_typenames)

.debug_varnames
 *(.debug_varnames)

.note.gnu.arm.ident
 *(.note.gnu.arm.ident)

.ARM.attributes
                0x00000000       0x29
 *(.ARM.attributes)
 .ARM.attributes
                0x00000000       0x1d c:/program files (x86)/cypress/psoc creator/4.0/psoc creator/import/gnu/arm/4.9.3/bin/../lib/gcc/arm-none-eabi/4.9.3/armv7-m/crti.o
 .ARM.attributes
                0x0000001d       0x2d c:/program files (x86)/cypress/psoc creator/4.0/psoc creator/import/gnu/arm/4.9.3/bin/../lib/gcc/arm-none-eabi/4.9.3/armv7-m/crtbegin.o
 .ARM.attributes
                0x0000004a       0x1b c:/program files (x86)/cypress/psoc creator/4.0/psoc creator/import/gnu/arm/4.9.3/bin/../lib/gcc/arm-none-eabi/4.9.3/../../../../arm-none-eabi/lib/armv7-m/crt0.o
 .ARM.attributes
                0x00000065       0x33 .\CortexM3\ARM_GCC_493\Debug\main.o
 .ARM.attributes
                0x00000098       0x33 .\CortexM3\ARM_GCC_493\Debug\cymetadata.o
 .ARM.attributes
                0x000000cb       0x33 .\CortexM3\ARM_GCC_493\Debug\Cm3Start.o
 .ARM.attributes
                0x000000fe       0x33 .\CortexM3\ARM_GCC_493\Debug\Exercise3.a(cyfitter_cfg.o)
 .ARM.attributes
                0x00000131       0x33 .\CortexM3\ARM_GCC_493\Debug\Exercise3.a(UART_1.o)
 .ARM.attributes
                0x00000164       0x33 .\CortexM3\ARM_GCC_493\Debug\Exercise3.a(UART_1_IntClock.o)
 .ARM.attributes
                0x00000197       0x33 .\CortexM3\ARM_GCC_493\Debug\Exercise3.a(CyLib.o)
 .ARM.attributes
                0x000001ca       0x33 .\CortexM3\ARM_GCC_493\Debug\Exercise3.a(cyPm.o)